+ /home/runner/work/Nodal/Nodal/work/mill __.compile
/home/runner/.cache/nodal/mill/mill-1.1.7.sh __.compile
939] examples.interfacePipelineExternal.compile
939] compiling 1 Scala source to out/examples/interfacePipelineExternal/compile.dest/classes ...
940] examples.coreSemanticsExternal.compile
940] compiling 1 Scala source to out/examples/coreSemanticsExternal/compile.dest/classes ...
937] examples.publicApiV03Migration.compile
937] compiling 1 Scala source to out/examples/publicApiV03Migration/compile.dest/classes ...
938] examples.publicApiV03External.compile
938] compiling 1 Scala source to out/examples/publicApiV03External/compile.dest/classes ...
937] done compiling
945] examples.externalLibrary.compile
945] compiling 2 Scala sources to out/examples/externalLibrary/compile.dest/classes ...
940] done compiling
938] done compiling
956] examples.coreSemanticsApi.compile
956] compiling 1 Scala source to out/examples/coreSemanticsApi/compile.dest/classes ...
939] done compiling
966] examples.publicApiV03.compile
966] compiling 1 Scala source to out/examples/publicApiV03/compile.dest/classes ...
972] examples.interfacePipelineApi.compile
972] compiling 1 Scala source to out/examples/interfacePipelineApi/compile.dest/classes ...
945] done compiling
979] examples.clockResetApi.compile
979] compiling 4 Scala sources to out/examples/clockResetApi/compile.dest/classes ...
956] done compiling
980] examples.publicApiCandidates.compile
980] compiling 3 Scala sources to out/examples/publicApiCandidates/compile.dest/classes ...
972] done compiling
979] done compiling
966] done compiling
980] done compiling
985/985, SUCCESS] /home/runner/.cache/nodal/mill/mill-1.1.7.sh __.compile 3s
+ /home/runner/work/Nodal/Nodal/work/mill core.scala.testkit.test
/home/runner/.cache/nodal/mill/mill-1.1.7.sh core.scala.testkit.test
441-1] WARNING: A terminally deprecated method in sun.misc.Unsafe has been called
441-1] WARNING: sun.misc.Unsafe::objectFieldOffset has been called by scala.runtime.LazyVals$ (file:/home/runner/.cache/coursier/v1/https/repo1.maven.org/maven2/org/scala-lang/scala3-library_3/3.7.4/scala3-library_3-3.7.4.jar)
441-1] WARNING: Please consider reporting this to the maintainers of class scala.runtime.LazyVals$
441-1] WARNING: sun.misc.Unsafe::objectFieldOffset will be removed in a future release
441-0] WARNING: A terminally deprecated method in sun.misc.Unsafe has been called
441-0] WARNING: sun.misc.Unsafe::objectFieldOffset has been called by scala.runtime.LazyVals$ (file:/home/runner/.cache/coursier/v1/https/repo1.maven.org/maven2/org/scala-lang/scala3-library_3/3.7.4/scala3-library_3-3.7.4.jar)
441-0] WARNING: Please consider reporting this to the maintainers of class scala.runtime.LazyVals$
441-0] WARNING: sun.misc.Unsafe::objectFieldOffset will be removed in a future release
441-3] WARNING: A terminally deprecated method in sun.misc.Unsafe has been called
441-3] WARNING: sun.misc.Unsafe::objectFieldOffset has been called by scala.runtime.LazyVals$ (file:/home/runner/.cache/coursier/v1/https/repo1.maven.org/maven2/org/scala-lang/scala3-library_3/3.7.4/scala3-library_3-3.7.4.jar)
441-3] WARNING: Please consider reporting this to the maintainers of class scala.runtime.LazyVals$
441-3] WARNING: sun.misc.Unsafe::objectFieldOffset will be removed in a future release
441-2] WARNING: A terminally deprecated method in sun.misc.Unsafe has been called
441-2] WARNING: sun.misc.Unsafe::objectFieldOffset has been called by scala.runtime.LazyVals$ (file:/home/runner/.cache/coursier/v1/https/repo1.maven.org/maven2/org/scala-lang/scala3-library_3/3.7.4/scala3-library_3-3.7.4.jar)
441-2] WARNING: Please consider reporting this to the maintainers of class scala.runtime.LazyVals$
441-2] WARNING: sun.misc.Unsafe::objectFieldOffset will be removed in a future release
441-1] Running Test Class nodal.internal.testkit.ReproducibilityContractTests
441-1] -------------------------------- Running Tests --------------------------------
441-2] Running Test Class nodal.bootstrap.testkit.BootstrapSmokeTests
441-2] -------------------------------- Running Tests --------------------------------
441-3] Running Test Class nodal.internal.testkit.RcVerticalSliceTests
441-0] Running Test Class nodal.internal.testkit.AnalogEquationConstructionTests
441-3] -------------------------------- Running Tests --------------------------------
441-0] -------------------------------- Running Tests --------------------------------
441-2] [32m+[39m nodal.bootstrap.testkit.BootstrapSmokeTests.module graph [2m316ms[0m  
441-2] [32m+[39m nodal.bootstrap.testkit.BootstrapSmokeTests.deterministic textual boundary [2m10ms[0m  
441-2] [32m+[39m nodal.bootstrap.testkit.BootstrapSmokeTests.managed JDK [2m3ms[0m  
441-2] Running Test Class nodal.internal.testkit.AnalogProceduralConstructionTests
441-2] -------------------------------- Running Tests --------------------------------
441-1] [32m+[39m nodal.internal.testkit.ReproducibilityContractTests.construction failures use declared result channel [2m1261ms[0m  
441-2] [32m+[39m nodal.internal.testkit.AnalogProceduralConstructionTests.public variable and assignment APIs retain authored order [2m1436ms[0m  
441-2] [32m+[39m nodal.internal.testkit.AnalogProceduralConstructionTests.public uninitialized variable read is rejected [2m213ms[0m  
441-2] [32m+[39m nodal.internal.testkit.AnalogProceduralConstructionTests.public assignment dimension mismatch is rejected [2m187ms[0m  
441-2] [32m+[39m nodal.internal.testkit.AnalogProceduralConstructionTests.public dimensionless assignment to a voltage variable is rejected [2m211ms[0m  
441-3] [32m+[39m nodal.internal.testkit.RcVerticalSliceTests.Scala RC lowers deterministically to typed analog MLIR [2m2329ms[0m  
441-3] [32m+[39m nodal.internal.testkit.RcVerticalSliceTests.Scala RC compiles through nodalc to exact Verilog-A [2m19ms[0m  
441-2] [32m+[39m nodal.internal.testkit.AnalogProceduralConstructionTests.public compound dimensionless assignment to a voltage variable is rejected [2m246ms[0m  
441-3] [32m+[39m nodal.internal.testkit.RcVerticalSliceTests.unsupported analog operator fails before native launch [2m358ms[0m  
441-1] [32m+[39m nodal.internal.testkit.ReproducibilityContractTests.canonical artifacts survive repeated construction and valid traversal orders [2m1887ms[0m  
441-2] [32m+[39m nodal.internal.testkit.AnalogProceduralConstructionTests.public incompatible compound dimensions are rejected without read fallback [2m321ms[0m  
441-3] [32m+[39m nodal.internal.testkit.RcVerticalSliceTests.single-ended RC branch is rejected explicitly [2m247ms[0m  
441-3] Running Test Class nodal.internal.testkit.ConstructionKernelTests
441-3] -------------------------------- Running Tests --------------------------------
441-2] [32m+[39m nodal.internal.testkit.AnalogProceduralConstructionTests.public nested incompatible compound dimensions remain unknown [2m289ms[0m  
441-1] [32m+[39m nodal.internal.testkit.ReproducibilityContractTests.manifest retains deterministic inventories and empty-or-explicit reports [2m327ms[0m  
441-1] [32m+[39m nodal.internal.testkit.ReproducibilityContractTests.verified MLIR HDL and manifest are byte-identical across work directories [2m23ms[0m  
441-1] -------------------------------- Running Tests --------------------------------
441-1] Running Test Class nodal.internal.testkit.CrossLayerDiagnosticTests
441-1] [32m+[39m nodal.internal.testkit.CrossLayerDiagnosticTests.native stable code and mapped context survive process normalization [2m32ms[0m  
441-1] [32m+[39m nodal.internal.testkit.CrossLayerDiagnosticTests.parser and pass failures receive distinct fallback families [2m13ms[0m  
441-1] [32m+[39m nodal.internal.testkit.CrossLayerDiagnosticTests.native compiler client preserves mapped native diagnostics [2m103ms[0m  
441-1] [32m+[39m nodal.internal.testkit.CrossLayerDiagnosticTests.unclassified external failure retains Increment 20 process contract [2m21ms[0m  
441-0] [32m+[39m nodal.internal.testkit.AnalogEquationConstructionTests.public APIs populate the construction-session recorder [2m3356ms[0m  
441-1] Running Test Class nodal.internal.testkit.ScalaToMlirBridgeTests
441-1] -------------------------------- Running Tests --------------------------------
441-2] [32m+[39m nodal.internal.testkit.AnalogProceduralConstructionTests.public comparison rejects incompatible operand dimensions through Boolean logic [2m345ms[0m  
441-2] [32m+[39m nodal.internal.testkit.AnalogProceduralConstructionTests.public Boolean comparison assignment retains result type and dimension [2m294ms[0m  
441-2] [32m+[39m nodal.internal.testkit.AnalogProceduralConstructionTests.multiple top-level analogProcedure regions are rejected [2m101ms[0m  
441-2] [32m+[39m nodal.internal.testkit.AnalogProceduralConstructionTests.public compound voltage assignment retains its physical dimension [2m146ms[0m  
441-2] [32m+[39m nodal.internal.testkit.AnalogProceduralConstructionTests.public assignment outside analogProcedure is rejected [2m119ms[0m  
441-2] [32m+[39m nodal.internal.testkit.AnalogProceduralConstructionTests.child procedural snapshot resolves to its authored instance path [2m192ms[0m  
441-0] [32m+[39m nodal.internal.testkit.AnalogEquationConstructionTests.contribution grouping is independent of public source order [2m931ms[0m  
441-2] [32m+[39m nodal.internal.testkit.AnalogProceduralConstructionTests.public cross-component variable assignment is rejected [2m112ms[0m  
441-0] [32m+[39m nodal.internal.testkit.AnalogEquationConstructionTests.equation outside a region is rejected [2m114ms[0m  
441-2] Running Test Class nodal.internal.testkit.SemanticOriginTests
441-2] -------------------------------- Running Tests --------------------------------
441-0] [32m+[39m nodal.internal.testkit.AnalogEquationConstructionTests.overlapping public semantic regions are rejected [2m84ms[0m  
441-1] [32m+[39m nodal.internal.testkit.ScalaToMlirBridgeTests.deterministic source-correlated textual MLIR [2m1126ms[0m  
441-3] [32m+[39m nodal.internal.testkit.ConstructionKernelTests.deterministic hierarchy, domains, shapes, interfaces and topology [2m1593ms[0m  
441-0] [32m+[39m nodal.internal.testkit.AnalogEquationConstructionTests.public equation dimensions are validated [2m91ms[0m  
441-0] [32m+[39m nodal.internal.testkit.AnalogEquationConstructionTests.procedural assignment is rejected in a declarative region [2m157ms[0m  
441-0] [32m+[39m nodal.internal.testkit.AnalogEquationConstructionTests.non-access contribution target is rejected [2m82ms[0m  
441-0] Tests: 7, Passed: 7, Failed: 0
441-3] [32m+[39m nodal.internal.testkit.ConstructionKernelTests.public emit publishes construction classification and logical ABI [2m439ms[0m  
441-2] [32m+[39m nodal.internal.testkit.SemanticOriginTests.semantic names replace traversal-counter-only names [2m813ms[0m  
441-1] [32m+[39m nodal.internal.testkit.ScalaToMlirBridgeTests.analog procedural IR retains order, source locations, and serialization [2m819ms[0m  
441-3] [32m+[39m nodal.internal.testkit.ConstructionKernelTests.unbound root requirement is rejected transactionally [2m419ms[0m  
441-1] [32m+[39m nodal.internal.testkit.ScalaToMlirBridgeTests.analog procedural rendering prefers authored order to provenance [2m169ms[0m  
441-3] [32m+[39m nodal.internal.testkit.ConstructionKernelTests.unqualified multi-domain state is rejected [2m162ms[0m  
441-1] [32m+[39m nodal.internal.testkit.ScalaToMlirBridgeTests.nested procedural scopes preserve declaration and assignment chronology [2m171ms[0m  
441-3] [32m+[39m nodal.internal.testkit.ConstructionKernelTests.exported interface roles must be complete [2m88ms[0m  
441-1] [32m+[39m nodal.internal.testkit.ScalaToMlirBridgeTests.initializing assignments precede dependent declarations independent of provenance [2m155ms[0m  
441-2] [32m+[39m nodal.internal.testkit.SemanticOriginTests.expression source maps survive inlined origins [2m837ms[0m  
441-1] [32m+[39m nodal.internal.testkit.ScalaToMlirBridgeTests.snapshot insertion order does not affect the bridge [2m563ms[0m  
441-2] [32m+[39m nodal.internal.testkit.SemanticOriginTests.generated infrastructure names cover required categories [2m516ms[0m  
441-3] [32m+[39m nodal.internal.testkit.ConstructionKernelTests.parallel elaborations do not share mutable construction state [2m970ms[0m  
441-3] Tests: 10, Passed: 10, Failed: 0
441-1] [32m+[39m nodal.internal.testkit.ScalaToMlirBridgeTests.unsupported exact type fails before process launch [2m298ms[0m  
441-2] [32m+[39m nodal.internal.testkit.SemanticOriginTests.origin graph records parents and sink affinity [2m264ms[0m  
441-2] [32m+[39m nodal.internal.testkit.SemanticOriginTests.same-basename source files use owner context [2m65ms[0m  
441-1] [32m+[39m nodal.internal.testkit.ScalaToMlirBridgeTests.argv-safe process success, cleanup, and recovery [2m240ms[0m  
441-2] Tests: 22, Passed: 22, Failed: 0
441-1] [32m+[39m nodal.internal.testkit.ScalaToMlirBridgeTests.timeout is distinct and leaves no partial accepted output [2m5202ms[0m  
441-1] [32m+[39m nodal.internal.testkit.ScalaToMlirBridgeTests.locked nodalc parses procedural bridge MLIR when configured [2m0ms[0m  
441-1] [32m+[39m nodal.internal.testkit.ScalaToMlirBridgeTests.locked nodalc parses and normalizes bridge MLIR when configured [2m0ms[0m  
441-1] Tests: 19, Passed: 19, Failed: 0
441/441, SUCCESS] /home/runner/.cache/nodal/mill/mill-1.1.7.sh core.scala.testkit.test 14s
