+ /usr/bin/python3 /home/runner/work/Nodal/Nodal/work/scripts/bootstrap_lint_toolchain.py status --json --toolchain /home/runner/work/_temp/nodal-lint-toolchain --require
+ /usr/bin/python3 /home/runner/work/Nodal/Nodal/work/scripts/check_markdown.py
Markdown check passed
+ /usr/bin/python3 /home/runner/work/Nodal/Nodal/work/scripts/check_package_visibility.py
package visibility check passed
+ /usr/bin/python3 /home/runner/work/Nodal/Nodal/work/scripts/check_contribution_policy.py
contribution policy check passed
+ /home/runner/work/Nodal/Nodal/work/mill mill.scalalib.scalafmt/checkFormatAll
/home/runner/.cache/nodal/mill/mill-1.1.7.sh mill.scalalib.scalafmt/checkFormatAll
29] mill.scalalib.scalafmt.ScalafmtModule/checkFormatAll Checking format of 60 Scala sources
26] mill.scalalib.scalafmt.ScalafmtWorkerModule/scalafmtWorkerClasspath
26] Downloading https://repo1.maven.org/maven2/org/scalameta/scalafmt-core_2.13/3.11.5/scalafmt-core_2.13-3.11.5.pom
26] Downloaded https://repo1.maven.org/maven2/org/scalameta/scalafmt-core_2.13/3.11.5/scalafmt-core_2.13-3.11.5.pom
26] Downloading https://repo1.maven.org/maven2/org/scalameta/scalafmt-config_2.13/3.11.5/scalafmt-config_2.13-3.11.5.pom
26] Downloading https://repo1.maven.org/maven2/org/scalameta/mdoc-parser_2.13/2.9.1/mdoc-parser_2.13-2.9.1.pom
26] Downloading https://repo1.maven.org/maven2/org/scalameta/scalameta_2.13/4.17.3/scalameta_2.13-4.17.3.pom
26] Downloading https://repo1.maven.org/maven2/org/scalameta/scalafmt-macros_2.13/3.11.5/scalafmt-macros_2.13-3.11.5.pom
26] Downloading https://repo1.maven.org/maven2/org/scalameta/scalafmt-sysops_2.13/3.11.5/scalafmt-sysops_2.13-3.11.5.pom
26] Downloaded https://repo1.maven.org/maven2/org/scalameta/scalafmt-config_2.13/3.11.5/scalafmt-config_2.13-3.11.5.pom
26] Downloaded https://repo1.maven.org/maven2/org/scalameta/mdoc-parser_2.13/2.9.1/mdoc-parser_2.13-2.9.1.pom
26] Downloaded https://repo1.maven.org/maven2/org/scalameta/scalafmt-sysops_2.13/3.11.5/scalafmt-sysops_2.13-3.11.5.pom
26] Downloaded https://repo1.maven.org/maven2/org/scalameta/scalameta_2.13/4.17.3/scalameta_2.13-4.17.3.pom
26] Downloaded https://repo1.maven.org/maven2/org/scalameta/scalafmt-macros_2.13/3.11.5/scalafmt-macros_2.13-3.11.5.pom
26] Downloading https://repo1.maven.org/maven2/org/scalameta/metaconfig-core_2.13/0.18.7/metaconfig-core_2.13-0.18.7.pom
26] Downloading https://repo1.maven.org/maven2/org/scalameta/metaconfig-typesafe-config_2.13/0.18.7/metaconfig-typesafe-config_2.13-0.18.7.pom
26] Downloading https://repo1.maven.org/maven2/org/scalameta/parsers_2.13/4.17.3/parsers_2.13-4.17.3.pom
26] Downloaded https://repo1.maven.org/maven2/org/scalameta/parsers_2.13/4.17.3/parsers_2.13-4.17.3.pom
26] Downloaded https://repo1.maven.org/maven2/org/scalameta/metaconfig-typesafe-config_2.13/0.18.7/metaconfig-typesafe-config_2.13-0.18.7.pom
26] Downloaded https://repo1.maven.org/maven2/org/scalameta/metaconfig-core_2.13/0.18.7/metaconfig-core_2.13-0.18.7.pom
26] Downloading https://repo1.maven.org/maven2/org/typelevel/paiges-core_2.13/0.4.4/paiges-core_2.13-0.4.4.pom
26] Downloading https://repo1.maven.org/maven2/org/scala-lang/modules/scala-collection-compat_2.13/2.14.0/scala-collection-compat_2.13-2.14.0.pom
26] Downloading https://repo1.maven.org/maven2/org/scalameta/trees_2.13/4.17.3/trees_2.13-4.17.3.pom
26] Downloading https://repo1.maven.org/maven2/org/scalameta/metaconfig-pprint_2.13/0.18.7/metaconfig-pprint_2.13-0.18.7.pom
26] Downloading https://repo1.maven.org/maven2/com/typesafe/config/1.4.9/config-1.4.9.pom
26] Downloaded https://repo1.maven.org/maven2/org/scala-lang/modules/scala-collection-compat_2.13/2.14.0/scala-collection-compat_2.13-2.14.0.pom
26] Downloaded https://repo1.maven.org/maven2/org/scalameta/trees_2.13/4.17.3/trees_2.13-4.17.3.pom
26] Downloaded https://repo1.maven.org/maven2/com/typesafe/config/1.4.9/config-1.4.9.pom
26] Downloaded https://repo1.maven.org/maven2/org/typelevel/paiges-core_2.13/0.4.4/paiges-core_2.13-0.4.4.pom
26] Downloaded https://repo1.maven.org/maven2/org/scalameta/metaconfig-pprint_2.13/0.18.7/metaconfig-pprint_2.13-0.18.7.pom
26] Downloading https://repo1.maven.org/maven2/org/scalameta/trees2_2.13/4.17.3/trees2_2.13-4.17.3.pom
26] Downloading https://repo1.maven.org/maven2/org/scalameta/io_2.13/4.17.3/io_2.13-4.17.3.pom
26] Downloading https://repo1.maven.org/maven2/com/lihaoyi/fansi_2.13/0.5.1/fansi_2.13-0.5.1.pom
26] Downloading https://repo1.maven.org/maven2/org/scala-lang/scala-compiler/2.13.18/scala-compiler-2.13.18.pom
26] Downloading https://repo1.maven.org/maven2/org/scalameta/common_2.13/4.17.3/common_2.13-4.17.3.pom
26] Downloaded https://repo1.maven.org/maven2/com/lihaoyi/fansi_2.13/0.5.1/fansi_2.13-0.5.1.pom
26] Downloaded https://repo1.maven.org/maven2/org/scalameta/io_2.13/4.17.3/io_2.13-4.17.3.pom
26] Downloaded https://repo1.maven.org/maven2/org/scala-lang/scala-compiler/2.13.18/scala-compiler-2.13.18.pom
26] Downloaded https://repo1.maven.org/maven2/org/scalameta/common_2.13/4.17.3/common_2.13-4.17.3.pom
26] Downloaded https://repo1.maven.org/maven2/org/scalameta/trees2_2.13/4.17.3/trees2_2.13-4.17.3.pom
26] Downloading https://repo1.maven.org/maven2/org/jline/jline/3.29.0/jline-3.29.0.pom
26] Downloading https://repo1.maven.org/maven2/io/github/java-diff-utils/java-diff-utils/4.16/java-diff-utils-4.16.pom
26] Downloading https://repo1.maven.org/maven2/org/scalameta/common2_2.13/4.17.3/common2_2.13-4.17.3.pom
26] Downloading https://repo1.maven.org/maven2/com/lihaoyi/sourcecode_2.13/0.4.4/sourcecode_2.13-0.4.4.pom
26] Downloaded https://repo1.maven.org/maven2/org/scalameta/common2_2.13/4.17.3/common2_2.13-4.17.3.pom
26] Downloaded https://repo1.maven.org/maven2/com/lihaoyi/sourcecode_2.13/0.4.4/sourcecode_2.13-0.4.4.pom
26] Downloaded https://repo1.maven.org/maven2/io/github/java-diff-utils/java-diff-utils/4.16/java-diff-utils-4.16.pom
26] Downloaded https://repo1.maven.org/maven2/org/jline/jline/3.29.0/jline-3.29.0.pom
26] Downloading https://repo1.maven.org/maven2/io/github/java-diff-utils/java-diff-utils-parent/4.16/java-diff-utils-parent-4.16.pom
26] Downloaded https://repo1.maven.org/maven2/io/github/java-diff-utils/java-diff-utils-parent/4.16/java-diff-utils-parent-4.16.pom
26] Downloading https://repo1.maven.org/maven2/org/scalameta/metaconfig-core_2.13/0.18.7/metaconfig-core_2.13-0.18.7.jar
26] Downloading https://repo1.maven.org/maven2/com/typesafe/config/1.4.9/config-1.4.9.jar
26] Downloading https://repo1.maven.org/maven2/org/scalameta/scalafmt-macros_2.13/3.11.5/scalafmt-macros_2.13-3.11.5.jar
26] Downloading https://repo1.maven.org/maven2/org/scalameta/scalameta_2.13/4.17.3/scalameta_2.13-4.17.3.jar
26] Downloading https://repo1.maven.org/maven2/org/scalameta/scalafmt-core_2.13/3.11.5/scalafmt-core_2.13-3.11.5.jar
26] Downloading https://repo1.maven.org/maven2/org/scalameta/io_2.13/4.17.3/io_2.13-4.17.3.jar
26] Downloaded https://repo1.maven.org/maven2/org/scalameta/scalameta_2.13/4.17.3/scalameta_2.13-4.17.3.jar
26] Downloading https://repo1.maven.org/maven2/com/lihaoyi/sourcecode_2.13/0.4.4/sourcecode_2.13-0.4.4.jar
26] Downloaded https://repo1.maven.org/maven2/org/scalameta/scalafmt-macros_2.13/3.11.5/scalafmt-macros_2.13-3.11.5.jar
26] Downloading https://repo1.maven.org/maven2/org/scalameta/metaconfig-pprint_2.13/0.18.7/metaconfig-pprint_2.13-0.18.7.jar
26] Downloaded https://repo1.maven.org/maven2/org/scalameta/io_2.13/4.17.3/io_2.13-4.17.3.jar
26] Downloading https://repo1.maven.org/maven2/org/scalameta/trees2_2.13/4.17.3/trees2_2.13-4.17.3.jar
26] Downloaded https://repo1.maven.org/maven2/com/typesafe/config/1.4.9/config-1.4.9.jar
26] Downloading https://repo1.maven.org/maven2/org/scalameta/common_2.13/4.17.3/common_2.13-4.17.3.jar
26] Downloaded https://repo1.maven.org/maven2/org/scalameta/metaconfig-core_2.13/0.18.7/metaconfig-core_2.13-0.18.7.jar
26] Downloading https://repo1.maven.org/maven2/org/scalameta/parsers_2.13/4.17.3/parsers_2.13-4.17.3.jar
26] Downloaded https://repo1.maven.org/maven2/org/scalameta/scalafmt-core_2.13/3.11.5/scalafmt-core_2.13-3.11.5.jar
26] Downloading https://repo1.maven.org/maven2/org/scala-lang/scala-compiler/2.13.18/scala-compiler-2.13.18.jar
26] Downloaded https://repo1.maven.org/maven2/org/scalameta/common_2.13/4.17.3/common_2.13-4.17.3.jar
26] Downloading https://repo1.maven.org/maven2/io/github/java-diff-utils/java-diff-utils/4.16/java-diff-utils-4.16.jar
26] Downloaded https://repo1.maven.org/maven2/com/lihaoyi/sourcecode_2.13/0.4.4/sourcecode_2.13-0.4.4.jar
26] Downloading https://repo1.maven.org/maven2/com/lihaoyi/fansi_2.13/0.5.1/fansi_2.13-0.5.1.jar
26] Downloaded https://repo1.maven.org/maven2/org/scalameta/parsers_2.13/4.17.3/parsers_2.13-4.17.3.jar
26] Downloading https://repo1.maven.org/maven2/org/jline/jline/3.29.0/jline-3.29.0-jdk8.jar
26] Downloaded https://repo1.maven.org/maven2/org/scalameta/metaconfig-pprint_2.13/0.18.7/metaconfig-pprint_2.13-0.18.7.jar
26] Downloading https://repo1.maven.org/maven2/org/scalameta/mdoc-parser_2.13/2.9.1/mdoc-parser_2.13-2.9.1.jar
26] Downloaded https://repo1.maven.org/maven2/io/github/java-diff-utils/java-diff-utils/4.16/java-diff-utils-4.16.jar
26] Downloading https://repo1.maven.org/maven2/org/scalameta/scalafmt-config_2.13/3.11.5/scalafmt-config_2.13-3.11.5.jar
26] Downloaded https://repo1.maven.org/maven2/org/scalameta/trees2_2.13/4.17.3/trees2_2.13-4.17.3.jar
26] Downloading https://repo1.maven.org/maven2/org/scalameta/scalafmt-sysops_2.13/3.11.5/scalafmt-sysops_2.13-3.11.5.jar
26] Downloaded https://repo1.maven.org/maven2/com/lihaoyi/fansi_2.13/0.5.1/fansi_2.13-0.5.1.jar
26] Downloading https://repo1.maven.org/maven2/org/scalameta/trees_2.13/4.17.3/trees_2.13-4.17.3.jar
26] Downloaded https://repo1.maven.org/maven2/org/jline/jline/3.29.0/jline-3.29.0-jdk8.jar
26] Downloading https://repo1.maven.org/maven2/org/scala-lang/modules/scala-collection-compat_2.13/2.14.0/scala-collection-compat_2.13-2.14.0.jar
26] Downloaded https://repo1.maven.org/maven2/org/scalameta/mdoc-parser_2.13/2.9.1/mdoc-parser_2.13-2.9.1.jar
26] Downloaded https://repo1.maven.org/maven2/org/scalameta/scalafmt-config_2.13/3.11.5/scalafmt-config_2.13-3.11.5.jar
26] Downloaded https://repo1.maven.org/maven2/org/scala-lang/scala-compiler/2.13.18/scala-compiler-2.13.18.jar
26] Downloading https://repo1.maven.org/maven2/org/scalameta/common2_2.13/4.17.3/common2_2.13-4.17.3.jar
26] Downloaded https://repo1.maven.org/maven2/org/scalameta/scalafmt-sysops_2.13/3.11.5/scalafmt-sysops_2.13-3.11.5.jar
26] Downloading https://repo1.maven.org/maven2/org/typelevel/paiges-core_2.13/0.4.4/paiges-core_2.13-0.4.4.jar
26] Downloading https://repo1.maven.org/maven2/org/scalameta/metaconfig-typesafe-config_2.13/0.18.7/metaconfig-typesafe-config_2.13-0.18.7.jar
26] Downloaded https://repo1.maven.org/maven2/org/scala-lang/modules/scala-collection-compat_2.13/2.14.0/scala-collection-compat_2.13-2.14.0.jar
26] Downloaded https://repo1.maven.org/maven2/org/scalameta/trees_2.13/4.17.3/trees_2.13-4.17.3.jar
26] Downloaded https://repo1.maven.org/maven2/org/scalameta/common2_2.13/4.17.3/common2_2.13-4.17.3.jar
26] Downloaded https://repo1.maven.org/maven2/org/scalameta/metaconfig-typesafe-config_2.13/0.18.7/metaconfig-typesafe-config_2.13-0.18.7.jar
26] Downloaded https://repo1.maven.org/maven2/org/typelevel/paiges-core_2.13/0.4.4/paiges-core_2.13-0.4.4.jar
29] parsed config (v3.11.5): /home/runner/work/Nodal/Nodal/work/.scalafmt.conf
29/29, SUCCESS] /home/runner/.cache/nodal/mill/mill-1.... mill.scalalib.scalafmt/checkFormatAll 7s
+ /home/runner/work/Nodal/Nodal/work/mill scalafix.check
/home/runner/.cache/nodal/mill/mill-1.1.7.sh scalafix.check
5] scalafix.check WARNING: A terminally deprecated method in sun.misc.Unsafe has been called
5] WARNING: sun.misc.Unsafe::objectFieldOffset has been called by scalafix.internal.reflect.ClasspathOps$ (file:/home/runner/.cache/coursier/v1/https/repo1.maven.org/maven2/ch/epfl/scala/scalafix-reflect_2.13.18/0.14.7/scalafix-reflect_2.13.18-0.14.7.jar)
5] WARNING: Please consider reporting this to the maintainers of class scalafix.internal.reflect.ClasspathOps$
5] WARNING: sun.misc.Unsafe::objectFieldOffset will be removed in a future release
5/5, SUCCESS] /home/runner/.cache/nodal/mill/mill-1.1.7.sh scalafix.check 5s
+ /usr/bin/python3 /home/runner/work/Nodal/Nodal/work/scripts/run_clang_tools.py format --check --toolchain /home/runner/work/_temp/nodal-lint-toolchain
clang-format checked 39 file(s)
