+ /home/runner/work/Nodal/Nodal/work/mill __.compile
/home/runner/.cache/nodal/mill/mill-1.1.7.sh __.compile
921] core.scala.api.compile
921] compiling 14 Scala sources to out/core/scala/api/compile.dest/classes ...
918] core.integrations.compile
918] compiling 1 Scala source to out/core/integrations/compile.dest/classes ...
918] done compiling
921] done compiling
947] examples.publicApiV03External.compile
947] compiling 1 Scala source to out/examples/publicApiV03External/compile.dest/classes ...
948] examples.continuousTimeExternal.compile
948] compiling 1 Scala source to out/examples/continuousTimeExternal/compile.dest/classes ...
946] examples.interfacePipelineExternal.compile
946] compiling 1 Scala source to out/examples/interfacePipelineExternal/compile.dest/classes ...
949] examples.coreSemanticsExternal.compile
949] compiling 1 Scala source to out/examples/coreSemanticsExternal/compile.dest/classes ...
948] done compiling
947] done compiling
946] done compiling
950] examples.externalLibrary.compile
950] compiling 2 Scala sources to out/examples/externalLibrary/compile.dest/classes ...
956] core.scala.frontend.compile
956] compiling 1 Scala source to out/core/scala/frontend/compile.dest/classes ...
955] examples.publicApiV03Migration.compile
955] compiling 1 Scala source to out/examples/publicApiV03Migration/compile.dest/classes ...
949] done compiling
961] examples.continuousTimeApi.compile
961] compiling 5 Scala sources to out/examples/continuousTimeApi/compile.dest/classes ...
950] done compiling
962] examples.publicApiV03.compile
962] compiling 1 Scala source to out/examples/publicApiV03/compile.dest/classes ...
956] done compiling
955] done compiling
970] examples.coreSemanticsApi.compile
970] compiling 1 Scala source to out/examples/coreSemanticsApi/compile.dest/classes ...
969] examples.interfacePipelineApi.compile
969] compiling 1 Scala source to out/examples/interfacePipelineApi/compile.dest/classes ...
962] done compiling
970] done compiling
971] examples.clockResetApi.compile
971] compiling 4 Scala sources to out/examples/clockResetApi/compile.dest/classes ...
972] core.scala.bridge.compile
972] compiling 7 Scala sources to out/core/scala/bridge/compile.dest/classes ...
969] done compiling
973] examples.publicApiCandidates.compile
973] compiling 3 Scala sources to out/examples/publicApiCandidates/compile.dest/classes ...
961] done compiling
973] done compiling
971] done compiling
972] done compiling
976] core.scala.sim.compile
976] compiling 1 Scala source to out/core/scala/sim/compile.dest/classes ...
976] done compiling
979] core.scala.cli.compile
979] compiling 1 Scala source to out/core/scala/cli/compile.dest/classes ...
979] done compiling
982] core.scala.testkit.compile
982] compiling 1 Scala source to out/core/scala/testkit/compile.dest/classes ...
982] done compiling
985] core.scala.testkit.test.compile
985] compiling 12 Scala sources to out/core/scala/testkit/test/compile.dest/classes ...
985] done compiling
985/985, SUCCESS] /home/runner/.cache/nodal/mill/mill-1.1.7.sh __.compile 33s
+ /home/runner/work/Nodal/Nodal/work/mill core.scala.testkit.test
/home/runner/.cache/nodal/mill/mill-1.1.7.sh core.scala.testkit.test
441-0] WARNING: A terminally deprecated method in sun.misc.Unsafe has been called
441-0] WARNING: sun.misc.Unsafe::objectFieldOffset has been called by scala.runtime.LazyVals$ (file:/home/runner/.cache/coursier/v1/https/repo1.maven.org/maven2/org/scala-lang/scala3-library_3/3.7.4/scala3-library_3-3.7.4.jar)
441-0] WARNING: Please consider reporting this to the maintainers of class scala.runtime.LazyVals$
441-0] WARNING: sun.misc.Unsafe::objectFieldOffset will be removed in a future release
441-2] WARNING: A terminally deprecated method in sun.misc.Unsafe has been called
441-2] WARNING: sun.misc.Unsafe::objectFieldOffset has been called by scala.runtime.LazyVals$ (file:/home/runner/.cache/coursier/v1/https/repo1.maven.org/maven2/org/scala-lang/scala3-library_3/3.7.4/scala3-library_3-3.7.4.jar)
441-2] WARNING: Please consider reporting this to the maintainers of class scala.runtime.LazyVals$
441-2] WARNING: sun.misc.Unsafe::objectFieldOffset will be removed in a future release
441-1] WARNING: A terminally deprecated method in sun.misc.Unsafe has been called
441-1] WARNING: sun.misc.Unsafe::objectFieldOffset has been called by scala.runtime.LazyVals$ (file:/home/runner/.cache/coursier/v1/https/repo1.maven.org/maven2/org/scala-lang/scala3-library_3/3.7.4/scala3-library_3-3.7.4.jar)
441-1] WARNING: Please consider reporting this to the maintainers of class scala.runtime.LazyVals$
441-1] WARNING: sun.misc.Unsafe::objectFieldOffset will be removed in a future release
441-3] WARNING: A terminally deprecated method in sun.misc.Unsafe has been called
441-3] WARNING: sun.misc.Unsafe::objectFieldOffset has been called by scala.runtime.LazyVals$ (file:/home/runner/.cache/coursier/v1/https/repo1.maven.org/maven2/org/scala-lang/scala3-library_3/3.7.4/scala3-library_3-3.7.4.jar)
441-3] WARNING: Please consider reporting this to the maintainers of class scala.runtime.LazyVals$
441-3] WARNING: sun.misc.Unsafe::objectFieldOffset will be removed in a future release
441-0] Running Test Class nodal.internal.testkit.AnalogEquationConstructionTests
441-1] Running Test Class nodal.internal.testkit.ReproducibilityContractTests
441-0] -------------------------------- Running Tests --------------------------------
441-2] Running Test Class nodal.internal.testkit.RcVerticalSliceTests
441-3] Running Test Class nodal.bootstrap.testkit.BootstrapSmokeTests
441-1] -------------------------------- Running Tests --------------------------------
441-2] -------------------------------- Running Tests --------------------------------
441-3] -------------------------------- Running Tests --------------------------------
441-3] [32m+[39m nodal.bootstrap.testkit.BootstrapSmokeTests.module graph [2m286ms[0m  
441-3] [32m+[39m nodal.bootstrap.testkit.BootstrapSmokeTests.deterministic textual boundary [2m8ms[0m  
441-3] [32m+[39m nodal.bootstrap.testkit.BootstrapSmokeTests.managed JDK [2m0ms[0m  
441-3] -------------------------------- Running Tests --------------------------------
441-3] Running Test Class nodal.internal.testkit.AnalogControlFlowConstructionTests
441-1] [32m+[39m nodal.internal.testkit.ReproducibilityContractTests.construction failures use declared result channel [2m1250ms[0m  
441-3] [32m+[39m nodal.internal.testkit.AnalogControlFlowConstructionTests.public conditional retains branches and establishes definite assignment [2m1655ms[0m  
441-2] [32m+[39m nodal.internal.testkit.RcVerticalSliceTests.Scala RC lowers deterministically to typed analog MLIR [2m2225ms[0m  
441-2] [32m+[39m nodal.internal.testkit.RcVerticalSliceTests.Scala RC compiles through nodalc to exact Verilog-A [2m26ms[0m  
441-3] [32m+[39m nodal.internal.testkit.AnalogControlFlowConstructionTests.public conditional missing else preserves the unmatched incoming path [2m284ms[0m  
441-2] [32m+[39m nodal.internal.testkit.RcVerticalSliceTests.unsupported analog operator fails before native launch [2m208ms[0m  
441-2] [32m+[39m nodal.internal.testkit.RcVerticalSliceTests.single-ended RC branch is rejected explicitly [2m112ms[0m  
441-2] 441-2] -------------------------------- Running Tests --------------------------------
Running Test Class nodal.internal.testkit.AnalogProceduralConstructionTests
441-0] [32m+[39m nodal.internal.testkit.AnalogEquationConstructionTests.public APIs populate the construction-session recorder [2m2827ms[0m  
441-1] [32m+[39m nodal.internal.testkit.ReproducibilityContractTests.canonical artifacts survive repeated construction and valid traversal orders [2m1618ms[0m  
441-2] [32m+[39m nodal.internal.testkit.AnalogProceduralConstructionTests.public variable and assignment APIs retain authored order [2m450ms[0m  
441-3] [32m+[39m nodal.internal.testkit.AnalogControlFlowConstructionTests.public case with default establishes definite assignment [2m716ms[0m  
441-2] [32m+[39m nodal.internal.testkit.AnalogProceduralConstructionTests.public uninitialized variable read is rejected [2m159ms[0m  
441-1] [32m+[39m nodal.internal.testkit.ReproducibilityContractTests.manifest retains deterministic inventories and empty-or-explicit reports [2m369ms[0m  
441-1] [32m+[39m nodal.internal.testkit.ReproducibilityContractTests.verified MLIR HDL and manifest are byte-identical across work directories [2m20ms[0m  
441-2] [32m+[39m nodal.internal.testkit.AnalogProceduralConstructionTests.public assignment dimension mismatch is rejected [2m67ms[0m  
441-1] Running Test Class nodal.internal.testkit.ConstructionKernelTests
441-1] -------------------------------- Running Tests --------------------------------
441-0] [32m+[39m nodal.internal.testkit.AnalogEquationConstructionTests.contribution grouping is independent of public source order [2m668ms[0m  
441-2] [32m+[39m nodal.internal.testkit.AnalogProceduralConstructionTests.public dimensionless assignment to a voltage variable is rejected [2m97ms[0m  
441-0] [32m+[39m nodal.internal.testkit.AnalogEquationConstructionTests.equation outside a region is rejected [2m38ms[0m  
441-0] [32m+[39m nodal.internal.testkit.AnalogEquationConstructionTests.overlapping public semantic regions are rejected [2m34ms[0m  
441-3] [32m+[39m nodal.internal.testkit.AnalogControlFlowConstructionTests.public case without default preserves the unmatched incoming path [2m410ms[0m  
441-0] [32m+[39m nodal.internal.testkit.AnalogEquationConstructionTests.public equation dimensions are validated [2m26ms[0m  
441-2] [32m+[39m nodal.internal.testkit.AnalogProceduralConstructionTests.public compound dimensionless assignment to a voltage variable is rejected [2m103ms[0m  
441-0] [32m+[39m nodal.internal.testkit.AnalogEquationConstructionTests.procedural assignment is rejected in a declarative region [2m104ms[0m  
441-2] [32m+[39m nodal.internal.testkit.AnalogProceduralConstructionTests.public incompatible compound dimensions are rejected without read fallback [2m124ms[0m  
441-0] [32m+[39m nodal.internal.testkit.AnalogEquationConstructionTests.non-access contribution target is rejected [2m60ms[0m  
441-3] [32m+[39m nodal.internal.testkit.AnalogControlFlowConstructionTests.static false branch remains retained but does not read on a reachable path [2m239ms[0m  
441-0] Running Test Class nodal.internal.testkit.CrossLayerDiagnosticTests
441-0] -------------------------------- Running Tests --------------------------------
441-0] [32m+[39m nodal.internal.testkit.CrossLayerDiagnosticTests.native stable code and mapped context survive process normalization [2m31ms[0m  
441-0] [32m+[39m nodal.internal.testkit.CrossLayerDiagnosticTests.parser and pass failures receive distinct fallback families [2m8ms[0m  
441-2] [32m+[39m nodal.internal.testkit.AnalogProceduralConstructionTests.public nested incompatible compound dimensions remain unknown [2m168ms[0m  
441-3] [32m+[39m nodal.internal.testkit.AnalogControlFlowConstructionTests.runtime loop with a guaranteed iteration establishes initialization [2m128ms[0m  
441-0] [32m+[39m nodal.internal.testkit.CrossLayerDiagnosticTests.native compiler client preserves mapped native diagnostics [2m104ms[0m  
441-0] [32m+[39m nodal.internal.testkit.CrossLayerDiagnosticTests.unclassified external failure retains Increment 20 process contract [2m12ms[0m  
441-0] Running Test Class nodal.internal.testkit.ScalaToMlirBridgeTests
441-0] -------------------------------- Running Tests --------------------------------
441-3] [32m+[39m nodal.internal.testkit.AnalogControlFlowConstructionTests.zero-minimum runtime loop does not establish initialization [2m146ms[0m  
441-2] [32m+[39m nodal.internal.testkit.AnalogProceduralConstructionTests.public comparison rejects incompatible operand dimensions through Boolean logic [2m223ms[0m  
441-2] [32m+[39m nodal.internal.testkit.AnalogProceduralConstructionTests.public Boolean comparison assignment retains result type and dimension [2m113ms[0m  
441-3] [32m+[39m nodal.internal.testkit.AnalogControlFlowConstructionTests.continue path participates in conservative loop exit intersection [2m206ms[0m  
441-2] [32m+[39m nodal.internal.testkit.AnalogProceduralConstructionTests.multiple top-level analogProcedure regions are rejected [2m84ms[0m  
441-1] [32m+[39m nodal.internal.testkit.ConstructionKernelTests.deterministic hierarchy, domains, shapes, interfaces and topology [2m959ms[0m  
441-2] [32m+[39m nodal.internal.testkit.AnalogProceduralConstructionTests.public compound voltage assignment retains its physical dimension [2m112ms[0m  
441-3] [32m+[39m nodal.internal.testkit.AnalogControlFlowConstructionTests.break after assignment preserves the assigned exit state [2m175ms[0m  
441-2] [32m+[39m nodal.internal.testkit.AnalogProceduralConstructionTests.public assignment outside analogProcedure is rejected [2m75ms[0m  
441-3] [32m+[39m nodal.internal.testkit.AnalogControlFlowConstructionTests.break is rejected in an exact static loop [2m47ms[0m  
441-2] [32m+[39m nodal.internal.testkit.AnalogProceduralConstructionTests.child procedural snapshot resolves to its authored instance path [2m147ms[0m  
441-1] [32m+[39m nodal.internal.testkit.ConstructionKernelTests.public emit publishes construction classification and logical ABI [2m320ms[0m  
441-3] [32m+[39m nodal.internal.testkit.AnalogControlFlowConstructionTests.branch-local declaration remains nested in the structured tree [2m205ms[0m  
441-2] [32m+[39m nodal.internal.testkit.AnalogProceduralConstructionTests.public cross-component variable assignment is rejected [2m95ms[0m  
441-2] -------------------------------- Running Tests --------------------------------
441-2] Running Test Class nodal.internal.testkit.SemanticOriginTests
441-0] [32m+[39m nodal.internal.testkit.ScalaToMlirBridgeTests.deterministic source-correlated textual MLIR [2m826ms[0m  
441-1] [32m+[39m nodal.internal.testkit.ConstructionKernelTests.unbound root requirement is rejected transactionally [2m378ms[0m  
441-3] [32m+[39m nodal.internal.testkit.AnalogControlFlowConstructionTests.child control-flow snapshot resolves to the authored instance path [2m383ms[0m  
441-1] [32m+[39m nodal.internal.testkit.ConstructionKernelTests.unqualified multi-domain state is rejected [2m162ms[0m  
441-3] [32m+[39m nodal.internal.testkit.AnalogControlFlowConstructionTests.structured branch assignment rejects a foreign component variable [2m215ms[0m  
441-3] Tests: 16, Passed: 16, Failed: 0
441-1] [32m+[39m nodal.internal.testkit.ConstructionKernelTests.exported interface roles must be complete [2m93ms[0m  
441-2] [32m+[39m nodal.internal.testkit.SemanticOriginTests.semantic names replace traversal-counter-only names [2m813ms[0m  
441-0] [32m+[39m nodal.internal.testkit.ScalaToMlirBridgeTests.analog procedural IR retains order, source locations, and serialization [2m922ms[0m  
441-0] [32m+[39m nodal.internal.testkit.ScalaToMlirBridgeTests.analog procedural rendering prefers authored order to provenance [2m233ms[0m  
441-0] [32m+[39m nodal.internal.testkit.ScalaToMlirBridgeTests.nested procedural scopes preserve declaration and assignment chronology [2m183ms[0m  
441-1] [32m+[39m nodal.internal.testkit.ConstructionKernelTests.parallel elaborations do not share mutable construction state [2m832ms[0m  
441-1] Tests: 10, Passed: 10, Failed: 0
441-2] [32m+[39m nodal.internal.testkit.SemanticOriginTests.expression source maps survive inlined origins [2m632ms[0m  
441-0] [32m+[39m nodal.internal.testkit.ScalaToMlirBridgeTests.initializing assignments precede dependent declarations independent of provenance [2m108ms[0m  
441-2] [32m+[39m nodal.internal.testkit.SemanticOriginTests.generated infrastructure names cover required categories [2m230ms[0m  
441-0] [32m+[39m nodal.internal.testkit.ScalaToMlirBridgeTests.snapshot insertion order does not affect the bridge [2m187ms[0m  
441-0] [32m+[39m nodal.internal.testkit.ScalaToMlirBridgeTests.unsupported exact type fails before process launch [2m108ms[0m  
441-2] [32m+[39m nodal.internal.testkit.SemanticOriginTests.origin graph records parents and sink affinity [2m148ms[0m  
441-2] [32m+[39m nodal.internal.testkit.SemanticOriginTests.same-basename source files use owner context [2m53ms[0m  
441-2] Tests: 23, Passed: 23, Failed: 0
441-0] [32m+[39m nodal.internal.testkit.ScalaToMlirBridgeTests.argv-safe process success, cleanup, and recovery [2m142ms[0m  
441-0] [32m+[39m nodal.internal.testkit.ScalaToMlirBridgeTests.timeout is distinct and leaves no partial accepted output [2m5099ms[0m  
441-0] [32m+[39m nodal.internal.testkit.ScalaToMlirBridgeTests.locked nodalc parses procedural bridge MLIR when configured [2m0ms[0m  
441-0] [32m+[39m nodal.internal.testkit.ScalaToMlirBridgeTests.locked nodalc parses and normalizes bridge MLIR when configured [2m0ms[0m  
441-0] Tests: 22, Passed: 22, Failed: 0
441/441, SUCCESS] /home/runner/.cache/nodal/mill/mill-1.1.7.sh core.scala.testkit.test 14s
