  % Total    % Received % Xferd  Average Speed   Time    Time     Time  Current
                                 Dload  Upload   Total   Spent    Left  Speed
  0     0    0     0    0     0      0      0 --:--:-- --:--:-- --:--:--     0100  6647  100  6647    0     0    99k      0 --:--:-- --:--:-- --:--:--   99k
Downloading mill 1.1.7 from https://repo1.maven.org/maven2/com/lihaoyi/mill-dist-native-linux-amd64/1.1.7/mill-dist-native-linux-amd64-1.1.7.exe ...
  % Total    % Received % Xferd  Average Speed   Time    Time     Time  Current
                                 Dload  Upload   Total   Spent    Left  Speed
  0     0    0     0    0     0      0      0 --:--:-- --:--:-- --:--:--     0  0     0    0     0    0     0      0      0 --:--:-- --:--:-- --:--:--     0100 59.6M  100 59.6M    0     0   238M      0 --:--:-- --:--:-- --:--:--  238M
Downloading https://repo1.maven.org/maven2/com/lihaoyi/mill-runner-daemon_3/1.1.7/mill-runner-daemon_3-1.1.7.pom
Downloaded https://repo1.maven.org/maven2/com/lihaoyi/mill-runner-daemon_3/1.1.7/mill-runner-daemon_3-1.1.7.pom
Downloading https://repo1.maven.org/maven2/com/lihaoyi/mainargs_3/0.7.8/mainargs_3-0.7.8.pom
Downloading https://repo1.maven.org/maven2/com/lihaoyi/upickle_3/4.4.3/upickle_3-4.4.3.pom
Downloading https://repo1.maven.org/maven2/com/lihaoyi/mill-moduledefs_3/0.13.1/mill-moduledefs_3-0.13.1.pom
Downloading https://repo1.maven.org/maven2/org/scala-lang/scala3-compiler_3/3.8.2/scala3-compiler_3-3.8.2.pom
Downloading https://repo1.maven.org/maven2/com/lihaoyi/fansi_3/0.5.1/fansi_3-0.5.1.pom
Downloading https://repo1.maven.org/maven2/com/lihaoyi/mill-runner-eclipse_3/1.1.7/mill-runner-eclipse_3-1.1.7.pom
Downloaded https://repo1.maven.org/maven2/com/lihaoyi/fansi_3/0.5.1/fansi_3-0.5.1.pom
Downloading https://repo1.maven.org/maven2/com/lihaoyi/mill-runner-bsp_3/1.1.7/mill-runner-bsp_3-1.1.7.pom
Downloaded https://repo1.maven.org/maven2/org/scala-lang/scala3-compiler_3/3.8.2/scala3-compiler_3-3.8.2.pom
Downloading https://repo1.maven.org/maven2/com/lihaoyi/os-lib-watch_3/0.11.8/os-lib-watch_3-0.11.8.pom
Downloaded https://repo1.maven.org/maven2/com/lihaoyi/mill-runner-eclipse_3/1.1.7/mill-runner-eclipse_3-1.1.7.pom
Downloading https://repo1.maven.org/maven2/com/lihaoyi/mill-libs-script_3/1.1.7/mill-libs-script_3-1.1.7.pom
Downloaded https://repo1.maven.org/maven2/com/lihaoyi/mainargs_3/0.7.8/mainargs_3-0.7.8.pom
Downloading https://repo1.maven.org/maven2/org/scala-sbt/compiler-interface/2.0.0-M14/compiler-interface-2.0.0-M14.pom
Downloaded https://repo1.maven.org/maven2/com/lihaoyi/upickle_3/4.4.3/upickle_3-4.4.3.pom
Downloading https://repo1.maven.org/maven2/com/lihaoyi/pprint_3/0.9.6/pprint_3-0.9.6.pom
Downloaded https://repo1.maven.org/maven2/com/lihaoyi/mill-moduledefs_3/0.13.1/mill-moduledefs_3-0.13.1.pom
Downloading https://repo1.maven.org/maven2/com/lihaoyi/sourcecode_3/0.4.4/sourcecode_3-0.4.4.pom
Downloaded https://repo1.maven.org/maven2/com/lihaoyi/mill-runner-bsp_3/1.1.7/mill-runner-bsp_3-1.1.7.pom
Downloading https://repo1.maven.org/maven2/com/lihaoyi/mill-core-eval_3/1.1.7/mill-core-eval_3-1.1.7.pom
Downloaded https://repo1.maven.org/maven2/com/lihaoyi/os-lib-watch_3/0.11.8/os-lib-watch_3-0.11.8.pom
Downloading https://repo1.maven.org/maven2/com/lihaoyi/mill-runner-meta_3/1.1.7/mill-runner-meta_3-1.1.7.pom
Downloaded https://repo1.maven.org/maven2/org/scala-sbt/compiler-interface/2.0.0-M14/compiler-interface-2.0.0-M14.pom
Downloading https://repo1.maven.org/maven2/com/lihaoyi/os-lib_3/0.11.8/os-lib_3-0.11.8.pom
Downloaded https://repo1.maven.org/maven2/com/lihaoyi/mill-libs-script_3/1.1.7/mill-libs-script_3-1.1.7.pom
Downloading https://repo1.maven.org/maven2/org/scala-lang/scala-library/3.8.2/scala-library-3.8.2.pom
Downloaded https://repo1.maven.org/maven2/com/lihaoyi/pprint_3/0.9.6/pprint_3-0.9.6.pom
Downloaded https://repo1.maven.org/maven2/com/lihaoyi/sourcecode_3/0.4.4/sourcecode_3-0.4.4.pom
Downloading https://repo1.maven.org/maven2/com/lihaoyi/mill-libs-tabcomplete_3/1.1.7/mill-libs-tabcomplete_3-1.1.7.pom
Downloading https://repo1.maven.org/maven2/com/lihaoyi/mill-runner-server_3/1.1.7/mill-runner-server_3-1.1.7.pom
Downloaded https://repo1.maven.org/maven2/org/scala-lang/scala-library/3.8.2/scala-library-3.8.2.pom
Downloading https://repo1.maven.org/maven2/com/lihaoyi/unroll-annotation_3/0.2.0/unroll-annotation_3-0.2.0.pom
Downloaded https://repo1.maven.org/maven2/com/lihaoyi/mill-core-eval_3/1.1.7/mill-core-eval_3-1.1.7.pom
Downloading https://repo1.maven.org/maven2/com/lihaoyi/mill-libs-init_3/1.1.7/mill-libs-init_3-1.1.7.pom
Downloaded https://repo1.maven.org/maven2/com/lihaoyi/os-lib_3/0.11.8/os-lib_3-0.11.8.pom
Downloading https://repo1.maven.org/maven2/com/lihaoyi/mill-runner-launcher_3/1.1.7/mill-runner-launcher_3-1.1.7.pom
Downloaded https://repo1.maven.org/maven2/com/lihaoyi/mill-runner-meta_3/1.1.7/mill-runner-meta_3-1.1.7.pom
Downloaded https://repo1.maven.org/maven2/com/lihaoyi/mill-runner-server_3/1.1.7/mill-runner-server_3-1.1.7.pom
Downloaded https://repo1.maven.org/maven2/com/lihaoyi/mill-libs-tabcomplete_3/1.1.7/mill-libs-tabcomplete_3-1.1.7.pom
Downloaded https://repo1.maven.org/maven2/com/lihaoyi/unroll-annotation_3/0.2.0/unroll-annotation_3-0.2.0.pom
Downloaded https://repo1.maven.org/maven2/com/lihaoyi/mill-libs-init_3/1.1.7/mill-libs-init_3-1.1.7.pom
Downloaded https://repo1.maven.org/maven2/com/lihaoyi/mill-runner-launcher_3/1.1.7/mill-runner-launcher_3-1.1.7.pom
Downloading https://repo1.maven.org/maven2/org/scala-sbt/util-interface/2.0.0-RC8/util-interface-2.0.0-RC8.pom
Downloading https://repo1.maven.org/maven2/com/lihaoyi/upickle-implicits_3/4.4.3/upickle-implicits_3-4.4.3.pom
Downloading https://repo1.maven.org/maven2/net/java/dev/jna/jna/5.15.0/jna-5.15.0.pom
Downloading https://repo1.maven.org/maven2/org/scala-lang/modules/scala-xml_3/2.4.0/scala-xml_3-2.4.0.pom
Downloading https://repo1.maven.org/maven2/org/scala-lang/scala3-library_3/3.8.2/scala3-library_3-3.8.2.pom
Downloading https://repo1.maven.org/maven2/com/lihaoyi/mill-core-exec_3/1.1.7/mill-core-exec_3-1.1.7.pom
Downloaded https://repo1.maven.org/maven2/org/scala-sbt/util-interface/2.0.0-RC8/util-interface-2.0.0-RC8.pom
Downloading https://repo1.maven.org/maven2/com/lihaoyi/mill-libs-rpc_3/1.1.7/mill-libs-rpc_3-1.1.7.pom
Downloaded https://repo1.maven.org/maven2/org/scala-lang/scala3-library_3/3.8.2/scala3-library_3-3.8.2.pom
Downloading https://repo1.maven.org/maven2/com/lihaoyi/upack_3/4.4.3/upack_3-4.4.3.pom
Downloaded https://repo1.maven.org/maven2/com/lihaoyi/upickle-implicits_3/4.4.3/upickle-implicits_3-4.4.3.pom
Downloading https://repo1.maven.org/maven2/io/get-coursier/coursier-jvm_2.13/2.1.25-M26/coursier-jvm_2.13-2.1.25-M26.pom
Downloaded https://repo1.maven.org/maven2/net/java/dev/jna/jna/5.15.0/jna-5.15.0.pom
Downloading https://repo1.maven.org/maven2/com/lihaoyi/mill-libs-daemon-server_3/1.1.7/mill-libs-daemon-server_3-1.1.7.pom
Downloaded https://repo1.maven.org/maven2/org/scala-lang/modules/scala-xml_3/2.4.0/scala-xml_3-2.4.0.pom
Downloading https://repo1.maven.org/maven2/com/lihaoyi/mill-libs-scalalib_3/1.1.7/mill-libs-scalalib_3-1.1.7.pom
Downloaded https://repo1.maven.org/maven2/com/lihaoyi/mill-core-exec_3/1.1.7/mill-core-exec_3-1.1.7.pom
Downloading https://repo1.maven.org/maven2/org/scala-lang/tasty-core_3/3.8.2/tasty-core_3-3.8.2.pom
Downloaded https://repo1.maven.org/maven2/io/get-coursier/coursier-jvm_2.13/2.1.25-M26/coursier-jvm_2.13-2.1.25-M26.pom
Downloading https://repo1.maven.org/maven2/com/lihaoyi/mill-core-resolve_3/1.1.7/mill-core-resolve_3-1.1.7.pom
Downloaded https://repo1.maven.org/maven2/com/lihaoyi/mill-libs-daemon-server_3/1.1.7/mill-libs-daemon-server_3-1.1.7.pom
Downloading https://repo1.maven.org/maven2/com/lihaoyi/ujson_3/4.4.3/ujson_3-4.4.3.pom
Downloaded https://repo1.maven.org/maven2/com/lihaoyi/mill-libs-rpc_3/1.1.7/mill-libs-rpc_3-1.1.7.pom
Downloading https://repo1.maven.org/maven2/org/scala-lang/modules/scala-collection-compat_3/2.12.0/scala-collection-compat_3-2.12.0.pom
Downloaded https://repo1.maven.org/maven2/com/lihaoyi/upack_3/4.4.3/upack_3-4.4.3.pom
Downloading https://repo1.maven.org/maven2/com/lihaoyi/os-zip/0.11.8/os-zip-0.11.8.pom
Downloaded https://repo1.maven.org/maven2/com/lihaoyi/ujson_3/4.4.3/ujson_3-4.4.3.pom
Downloading https://repo1.maven.org/maven2/com/lihaoyi/mill-core-internal_3/1.1.7/mill-core-internal_3-1.1.7.pom
Downloaded https://repo1.maven.org/maven2/com/lihaoyi/mill-core-resolve_3/1.1.7/mill-core-resolve_3-1.1.7.pom
Downloading https://repo1.maven.org/maven2/ch/qos/logback/logback-classic/1.5.33/logback-classic-1.5.33.pom
Downloaded https://repo1.maven.org/maven2/com/lihaoyi/os-zip/0.11.8/os-zip-0.11.8.pom
Downloading https://repo1.maven.org/maven2/com/lihaoyi/mill-core-api-daemon_3/1.1.7/mill-core-api-daemon_3-1.1.7.pom
Downloaded https://repo1.maven.org/maven2/org/scala-lang/modules/scala-collection-compat_3/2.12.0/scala-collection-compat_3-2.12.0.pom
Downloading https://repo1.maven.org/maven2/com/lihaoyi/mill-libs-groovylib_3/1.1.7/mill-libs-groovylib_3-1.1.7.pom
Downloaded https://repo1.maven.org/maven2/com/lihaoyi/mill-libs-scalalib_3/1.1.7/mill-libs-scalalib_3-1.1.7.pom
Downloading https://repo1.maven.org/maven2/org/scala-lang/modules/scala-asm/9.9.0-scala-1/scala-asm-9.9.0-scala-1.pom
Downloaded https://repo1.maven.org/maven2/org/scala-lang/tasty-core_3/3.8.2/tasty-core_3-3.8.2.pom
Downloading https://repo1.maven.org/maven2/com/lihaoyi/geny_3/1.1.1/geny_3-1.1.1.pom
Downloaded https://repo1.maven.org/maven2/com/lihaoyi/mill-core-api-daemon_3/1.1.7/mill-core-api-daemon_3-1.1.7.pom
Downloading https://repo1.maven.org/maven2/com/lihaoyi/mill-runner-codesig_3/1.1.7/mill-runner-codesig_3-1.1.7.pom
Downloaded https://repo1.maven.org/maven2/com/lihaoyi/mill-libs-groovylib_3/1.1.7/mill-libs-groovylib_3-1.1.7.pom
Downloading https://repo1.maven.org/maven2/io/github/alexarchambault/native-terminal/native-terminal-no-ffm/0.0.9.1/native-terminal-no-ffm-0.0.9.1.pom
Downloaded https://repo1.maven.org/maven2/org/scala-lang/modules/scala-asm/9.9.0-scala-1/scala-asm-9.9.0-scala-1.pom
Downloading https://repo1.maven.org/maven2/org/scala-lang/scala3-interfaces/3.8.2/scala3-interfaces-3.8.2.pom
Downloaded https://repo1.maven.org/maven2/com/lihaoyi/geny_3/1.1.1/geny_3-1.1.1.pom
Downloading https://repo1.maven.org/maven2/com/lihaoyi/mill-libs-util_3/1.1.7/mill-libs-util_3-1.1.7.pom
Downloaded https://repo1.maven.org/maven2/com/lihaoyi/mill-core-internal_3/1.1.7/mill-core-internal_3-1.1.7.pom
Downloading https://repo1.maven.org/maven2/com/lihaoyi/mill-core-api_3/1.1.7/mill-core-api_3-1.1.7.pom
Downloaded https://repo1.maven.org/maven2/ch/qos/logback/logback-classic/1.5.33/logback-classic-1.5.33.pom
Downloading https://repo1.maven.org/maven2/com/lihaoyi/mill-libs-kotlinlib_3/1.1.7/mill-libs-kotlinlib_3-1.1.7.pom
Downloaded https://repo1.maven.org/maven2/com/lihaoyi/mill-runner-codesig_3/1.1.7/mill-runner-codesig_3-1.1.7.pom
Downloaded https://repo1.maven.org/maven2/org/scala-lang/scala3-interfaces/3.8.2/scala3-interfaces-3.8.2.pom
Downloaded https://repo1.maven.org/maven2/io/github/alexarchambault/native-terminal/native-terminal-no-ffm/0.0.9.1/native-terminal-no-ffm-0.0.9.1.pom
Downloaded https://repo1.maven.org/maven2/com/lihaoyi/mill-libs-util_3/1.1.7/mill-libs-util_3-1.1.7.pom
Downloaded https://repo1.maven.org/maven2/com/lihaoyi/mill-libs-kotlinlib_3/1.1.7/mill-libs-kotlinlib_3-1.1.7.pom
Downloaded https://repo1.maven.org/maven2/com/lihaoyi/mill-core-api_3/1.1.7/mill-core-api_3-1.1.7.pom
Downloading https://repo1.maven.org/maven2/ch/qos/logback/logback-parent/1.5.33/logback-parent-1.5.33.pom
Downloaded https://repo1.maven.org/maven2/ch/qos/logback/logback-parent/1.5.33/logback-parent-1.5.33.pom
Downloading https://repo1.maven.org/maven2/com/lihaoyi/upickle-core_3/4.4.3/upickle-core_3-4.4.3.pom
Downloading https://repo1.maven.org/maven2/com/lihaoyi/mill-libs-groovylib-api_3/1.1.7/mill-libs-groovylib-api_3-1.1.7.pom
Downloading https://repo1.maven.org/maven2/org/jline/jline-native/3.29.0/jline-native-3.29.0.pom
Downloading https://repo1.maven.org/maven2/io/get-coursier/versions_2.13/0.5.1/versions_2.13-0.5.1.pom
Downloading https://repo1.maven.org/maven2/com/github/plokhotnyuk/jsoniter-scala/jsoniter-scala-core_2.13/2.13.5/jsoniter-scala-core_2.13-2.13.5.pom
Downloading https://repo1.maven.org/maven2/org/jline/jline/3.30.13/jline-3.30.13.pom
Downloaded https://repo1.maven.org/maven2/org/jline/jline-native/3.29.0/jline-native-3.29.0.pom
Downloading https://repo1.maven.org/maven2/org/snakeyaml/snakeyaml-engine/3.0.1/snakeyaml-engine-3.0.1.pom
Downloaded https://repo1.maven.org/maven2/io/get-coursier/versions_2.13/0.5.1/versions_2.13-0.5.1.pom
Downloading https://repo1.maven.org/maven2/org/slf4j/slf4j-api/2.0.17/slf4j-api-2.0.17.pom
Downloaded https://repo1.maven.org/maven2/com/lihaoyi/mill-libs-groovylib-api_3/1.1.7/mill-libs-groovylib-api_3-1.1.7.pom
Downloading https://repo1.maven.org/maven2/org/ow2/asm/asm-analysis/9.10.1/asm-analysis-9.10.1.pom
Downloaded https://repo1.maven.org/maven2/com/github/plokhotnyuk/jsoniter-scala/jsoniter-scala-core_2.13/2.13.5/jsoniter-scala-core_2.13-2.13.5.pom
Downloading https://repo1.maven.org/maven2/io/get-coursier/coursier-archive-cache_2.13/2.1.25-M26/coursier-archive-cache_2.13-2.1.25-M26.pom
Downloaded https://repo1.maven.org/maven2/org/jline/jline/3.30.13/jline-3.30.13.pom
Downloading https://repo1.maven.org/maven2/com/lihaoyi/mill-libs-javalib-testrunner_3/1.1.7/mill-libs-javalib-testrunner_3-1.1.7.pom
Downloaded https://repo1.maven.org/maven2/com/lihaoyi/upickle-core_3/4.4.3/upickle-core_3-4.4.3.pom
Downloading https://repo1.maven.org/maven2/com/lihaoyi/mill-libs-javalib_3/1.1.7/mill-libs-javalib_3-1.1.7.pom
Downloaded https://repo1.maven.org/maven2/org/snakeyaml/snakeyaml-engine/3.0.1/snakeyaml-engine-3.0.1.pom
Downloading https://repo1.maven.org/maven2/io/get-coursier/coursier-exec/2.1.25-M26/coursier-exec-2.1.25-M26.pom
Downloaded https://repo1.maven.org/maven2/org/slf4j/slf4j-api/2.0.17/slf4j-api-2.0.17.pom
Downloading https://repo1.maven.org/maven2/com/lihaoyi/mill-core-constants/1.1.7/mill-core-constants-1.1.7.pom
Downloaded https://repo1.maven.org/maven2/io/get-coursier/coursier-archive-cache_2.13/2.1.25-M26/coursier-archive-cache_2.13-2.1.25-M26.pom
Downloading https://repo1.maven.org/maven2/org/ow2/asm/asm-tree/9.10.1/asm-tree-9.10.1.pom
Downloaded https://repo1.maven.org/maven2/org/ow2/asm/asm-analysis/9.10.1/asm-analysis-9.10.1.pom
Downloading https://repo1.maven.org/maven2/com/lihaoyi/mill-libs-daemon-client_3/1.1.7/mill-libs-daemon-client_3-1.1.7.pom
Downloaded https://repo1.maven.org/maven2/com/lihaoyi/mill-libs-javalib-testrunner_3/1.1.7/mill-libs-javalib-testrunner_3-1.1.7.pom
Downloading https://repo1.maven.org/maven2/org/scala-lang/scala-reflect/2.13.18/scala-reflect-2.13.18.pom
Downloaded https://repo1.maven.org/maven2/io/get-coursier/coursier-exec/2.1.25-M26/coursier-exec-2.1.25-M26.pom
Downloading https://repo1.maven.org/maven2/com/lihaoyi/mill-core-internal-cli_3/1.1.7/mill-core-internal-cli_3-1.1.7.pom
Downloaded https://repo1.maven.org/maven2/com/lihaoyi/mill-libs-javalib_3/1.1.7/mill-libs-javalib_3-1.1.7.pom
Downloading https://repo1.maven.org/maven2/io/get-coursier/coursier-core_2.13/2.1.25-M26/coursier-core_2.13-2.1.25-M26.pom
Downloaded https://repo1.maven.org/maven2/com/lihaoyi/mill-core-constants/1.1.7/mill-core-constants-1.1.7.pom
Downloading https://repo1.maven.org/maven2/com/lumidion/sonatype-central-client-requests_3/0.6.0/sonatype-central-client-requests_3-0.6.0.pom
Downloaded https://repo1.maven.org/maven2/org/ow2/asm/asm-tree/9.10.1/asm-tree-9.10.1.pom
Downloading https://repo1.maven.org/maven2/io/get-coursier/coursier-paths/2.1.25-M26/coursier-paths-2.1.25-M26.pom
Downloaded https://repo1.maven.org/maven2/org/scala-lang/scala-reflect/2.13.18/scala-reflect-2.13.18.pom
Downloading https://repo1.maven.org/maven2/io/get-coursier/coursier-cache_2.13/2.1.25-M26/coursier-cache_2.13-2.1.25-M26.pom
Downloaded https://repo1.maven.org/maven2/com/lihaoyi/mill-libs-daemon-client_3/1.1.7/mill-libs-daemon-client_3-1.1.7.pom
Downloading https://repo1.maven.org/maven2/io/get-coursier/coursier_2.13/2.1.25-M26/coursier_2.13-2.1.25-M26.pom
Downloaded https://repo1.maven.org/maven2/com/lihaoyi/mill-core-internal-cli_3/1.1.7/mill-core-internal-cli_3-1.1.7.pom
Downloading https://repo1.maven.org/maven2/com/lihaoyi/mill-core-api-java11_3/1.1.7/mill-core-api-java11_3-1.1.7.pom
Downloaded https://repo1.maven.org/maven2/io/get-coursier/coursier-paths/2.1.25-M26/coursier-paths-2.1.25-M26.pom
Downloading https://repo1.maven.org/maven2/com/lihaoyi/requests_3/0.9.3/requests_3-0.9.3.pom
Downloaded https://repo1.maven.org/maven2/io/get-coursier/coursier-cache_2.13/2.1.25-M26/coursier-cache_2.13-2.1.25-M26.pom
Downloading https://repo1.maven.org/maven2/com/lihaoyi/mill-libs-kotlinlib-ksp2-api_3/1.1.7/mill-libs-kotlinlib-ksp2-api_3-1.1.7.pom
Downloaded https://repo1.maven.org/maven2/com/lumidion/sonatype-central-client-requests_3/0.6.0/sonatype-central-client-requests_3-0.6.0.pom
Downloading https://repo1.maven.org/maven2/org/scala-sbt/test-interface/1.0/test-interface-1.0.pom
Downloaded https://repo1.maven.org/maven2/com/lihaoyi/mill-core-api-java11_3/1.1.7/mill-core-api-java11_3-1.1.7.pom
Downloading https://repo1.maven.org/maven2/io/get-coursier/coursier-env_2.13/2.1.25-M26/coursier-env_2.13-2.1.25-M26.pom
Downloaded https://repo1.maven.org/maven2/io/get-coursier/coursier_2.13/2.1.25-M26/coursier_2.13-2.1.25-M26.pom
Downloading https://repo1.maven.org/maven2/com/lihaoyi/fastparse_3/3.1.1/fastparse_3-3.1.1.pom
Downloaded https://repo1.maven.org/maven2/io/get-coursier/coursier-core_2.13/2.1.25-M26/coursier-core_2.13-2.1.25-M26.pom
Downloading https://repo1.maven.org/maven2/io/get-coursier/coursier-util_2.13/2.1.25-M26/coursier-util_2.13-2.1.25-M26.pom
Downloaded https://repo1.maven.org/maven2/com/lihaoyi/requests_3/0.9.3/requests_3-0.9.3.pom
Downloading https://repo1.maven.org/maven2/io/github/alexarchambault/is-terminal/0.1.2/is-terminal-0.1.2.pom
Downloaded https://repo1.maven.org/maven2/com/lihaoyi/mill-libs-kotlinlib-ksp2-api_3/1.1.7/mill-libs-kotlinlib-ksp2-api_3-1.1.7.pom
Downloading https://repo1.maven.org/maven2/ch/qos/logback/logback-core/1.5.33/logback-core-1.5.33.pom
Downloaded https://repo1.maven.org/maven2/org/scala-sbt/test-interface/1.0/test-interface-1.0.pom
Downloading https://repo1.maven.org/maven2/com/lihaoyi/mill-libs-kotlinlib-api_3/1.1.7/mill-libs-kotlinlib-api_3-1.1.7.pom
Downloaded https://repo1.maven.org/maven2/io/get-coursier/coursier-env_2.13/2.1.25-M26/coursier-env_2.13-2.1.25-M26.pom
Downloading https://repo1.maven.org/maven2/com/lihaoyi/upickle-implicits-named-tuples_3/4.4.3/upickle-implicits-named-tuples_3-4.4.3.pom
Downloaded https://repo1.maven.org/maven2/io/github/alexarchambault/is-terminal/0.1.2/is-terminal-0.1.2.pom
Downloaded https://repo1.maven.org/maven2/ch/qos/logback/logback-core/1.5.33/logback-core-1.5.33.pom
Downloaded https://repo1.maven.org/maven2/com/lihaoyi/upickle-implicits-named-tuples_3/4.4.3/upickle-implicits-named-tuples_3-4.4.3.pom
Downloaded https://repo1.maven.org/maven2/com/lihaoyi/mill-libs-kotlinlib-api_3/1.1.7/mill-libs-kotlinlib-api_3-1.1.7.pom
Downloaded https://repo1.maven.org/maven2/io/get-coursier/coursier-util_2.13/2.1.25-M26/coursier-util_2.13-2.1.25-M26.pom
Downloaded https://repo1.maven.org/maven2/com/lihaoyi/fastparse_3/3.1.1/fastparse_3-3.1.1.pom
Downloading https://repo1.maven.org/maven2/org/ow2/ow2/1.5.1/ow2-1.5.1.pom
Downloading https://repo1.maven.org/maven2/org/jline/jline-parent/3.29.0/jline-parent-3.29.0.pom
Downloading https://repo1.maven.org/maven2/org/slf4j/slf4j-parent/2.0.17/slf4j-parent-2.0.17.pom
Downloaded https://repo1.maven.org/maven2/org/slf4j/slf4j-parent/2.0.17/slf4j-parent-2.0.17.pom
Downloaded https://repo1.maven.org/maven2/org/ow2/ow2/1.5.1/ow2-1.5.1.pom
Downloaded https://repo1.maven.org/maven2/org/jline/jline-parent/3.29.0/jline-parent-3.29.0.pom
Downloading https://repo1.maven.org/maven2/org/slf4j/slf4j-bom/2.0.17/slf4j-bom-2.0.17.pom
Downloaded https://repo1.maven.org/maven2/org/slf4j/slf4j-bom/2.0.17/slf4j-bom-2.0.17.pom
Downloading https://repo1.maven.org/maven2/org/ow2/asm/asm/9.10.1/asm-9.10.1.pom
Downloading https://repo1.maven.org/maven2/com/github/luben/zstd-jni/1.5.7-11/zstd-jni-1.5.7-11.pom
Downloading https://repo1.maven.org/maven2/io/get-coursier/dependency_2.13/0.3.2/dependency_2.13-0.3.2.pom
Downloading https://repo1.maven.org/maven2/org/codehaus/plexus/plexus-archiver/4.12.0/plexus-archiver-4.12.0.pom
Downloading https://repo1.maven.org/maven2/com/lumidion/sonatype-central-client-core_3/0.6.0/sonatype-central-client-core_3-0.6.0.pom
Downloading https://repo1.maven.org/maven2/net/java/dev/jna/jna/5.19.1/jna-5.19.1.pom
Downloaded https://repo1.maven.org/maven2/org/codehaus/plexus/plexus-archiver/4.12.0/plexus-archiver-4.12.0.pom
Downloading https://repo1.maven.org/maven2/com/lihaoyi/mill-libs-util-java11_3/1.1.7/mill-libs-util-java11_3-1.1.7.pom
Downloaded https://repo1.maven.org/maven2/com/lumidion/sonatype-central-client-core_3/0.6.0/sonatype-central-client-core_3-0.6.0.pom
Downloading https://repo1.maven.org/maven2/com/lihaoyi/mill-libs-javalib-api_3/1.1.7/mill-libs-javalib-api_3-1.1.7.pom
Downloaded https://repo1.maven.org/maven2/com/github/luben/zstd-jni/1.5.7-11/zstd-jni-1.5.7-11.pom
Downloading https://repo1.maven.org/maven2/org/apache/tika/tika-core/3.3.1/tika-core-3.3.1.pom
Downloaded https://repo1.maven.org/maven2/io/get-coursier/dependency_2.13/0.3.2/dependency_2.13-0.3.2.pom
Downloading https://repo1.maven.org/maven2/org/scala-lang/modules/scala-collection-compat_2.13/2.13.0/scala-collection-compat_2.13-2.13.0.pom
Downloaded https://repo1.maven.org/maven2/net/java/dev/jna/jna/5.19.1/jna-5.19.1.pom
Downloading https://repo1.maven.org/maven2/io/get-coursier/jniutils/windows-jni-utils/0.3.4/windows-jni-utils-0.3.4.pom
Downloaded https://repo1.maven.org/maven2/org/ow2/asm/asm/9.10.1/asm-9.10.1.pom
Downloading https://repo1.maven.org/maven2/com/lumidion/sonatype-central-client-upickle_3/0.6.0/sonatype-central-client-upickle_3-0.6.0.pom
Downloaded https://repo1.maven.org/maven2/com/lihaoyi/mill-libs-util-java11_3/1.1.7/mill-libs-util-java11_3-1.1.7.pom
Downloading https://repo1.maven.org/maven2/com/lihaoyi/mill-libs-javalib-testrunner-entrypoint/1.1.7/mill-libs-javalib-testrunner-entrypoint-1.1.7.pom
Downloaded https://repo1.maven.org/maven2/com/lihaoyi/mill-libs-javalib-api_3/1.1.7/mill-libs-javalib-api_3-1.1.7.pom
Downloading https://repo1.maven.org/maven2/org/codehaus/plexus/plexus-utils/4.0.3/plexus-utils-4.0.3.pom
Downloaded https://repo1.maven.org/maven2/org/apache/tika/tika-core/3.3.1/tika-core-3.3.1.pom
Downloading https://repo1.maven.org/maven2/io/get-coursier/coursier-proxy-setup/2.1.25-M26/coursier-proxy-setup-2.1.25-M26.pom
Downloaded https://repo1.maven.org/maven2/org/scala-lang/modules/scala-collection-compat_2.13/2.13.0/scala-collection-compat_2.13-2.13.0.pom
Downloading https://repo1.maven.org/maven2/org/codehaus/plexus/plexus-container-default/2.1.1/plexus-container-default-2.1.1.pom
Downloaded https://repo1.maven.org/maven2/com/lumidion/sonatype-central-client-upickle_3/0.6.0/sonatype-central-client-upickle_3-0.6.0.pom
Downloaded https://repo1.maven.org/maven2/com/lihaoyi/mill-libs-javalib-testrunner-entrypoint/1.1.7/mill-libs-javalib-testrunner-entrypoint-1.1.7.pom
Downloaded https://repo1.maven.org/maven2/io/get-coursier/jniutils/windows-jni-utils/0.3.4/windows-jni-utils-0.3.4.pom
Downloaded https://repo1.maven.org/maven2/org/codehaus/plexus/plexus-utils/4.0.3/plexus-utils-4.0.3.pom
Downloaded https://repo1.maven.org/maven2/org/codehaus/plexus/plexus-container-default/2.1.1/plexus-container-default-2.1.1.pom
Downloaded https://repo1.maven.org/maven2/io/get-coursier/coursier-proxy-setup/2.1.25-M26/coursier-proxy-setup-2.1.25-M26.pom
Downloading https://repo1.maven.org/maven2/org/codehaus/plexus/plexus-containers/2.1.1/plexus-containers-2.1.1.pom
Downloading https://repo1.maven.org/maven2/org/apache/tika/tika-parent/3.3.1/tika-parent-3.3.1.pom
Downloading https://repo1.maven.org/maven2/org/codehaus/plexus/plexus/25/plexus-25.pom
Downloaded https://repo1.maven.org/maven2/org/codehaus/plexus/plexus/25/plexus-25.pom
Downloaded https://repo1.maven.org/maven2/org/codehaus/plexus/plexus-containers/2.1.1/plexus-containers-2.1.1.pom
Downloaded https://repo1.maven.org/maven2/org/apache/tika/tika-parent/3.3.1/tika-parent-3.3.1.pom
Downloading https://repo1.maven.org/maven2/org/junit/junit-bom/5.14.1/junit-bom-5.14.1.pom
Downloading https://repo1.maven.org/maven2/org/apache/apache/38/apache-38.pom
Downloading https://repo1.maven.org/maven2/org/codehaus/plexus/plexus/6.5/plexus-6.5.pom
Downloaded https://repo1.maven.org/maven2/org/codehaus/plexus/plexus/6.5/plexus-6.5.pom
Downloaded https://repo1.maven.org/maven2/org/apache/apache/38/apache-38.pom
Downloaded https://repo1.maven.org/maven2/org/junit/junit-bom/5.14.1/junit-bom-5.14.1.pom
Downloading https://repo1.maven.org/maven2/io/grpc/grpc-bom/1.81.0/grpc-bom-1.81.0.pom
Downloading https://repo1.maven.org/maven2/org/apache/logging/log4j/log4j-bom/2.26.0/log4j-bom-2.26.0.pom
Downloading https://repo1.maven.org/maven2/org/testcontainers/testcontainers-bom/2.0.5/testcontainers-bom-2.0.5.pom
Downloading https://repo1.maven.org/maven2/software/amazon/awssdk/bom/2.44.9/bom-2.44.9.pom
Downloading https://repo1.maven.org/maven2/io/netty/netty-bom/4.2.13.Final/netty-bom-4.2.13.Final.pom
Downloading https://repo1.maven.org/maven2/org/junit/junit-bom/5.14.3/junit-bom-5.14.3.pom
Downloaded https://repo1.maven.org/maven2/org/testcontainers/testcontainers-bom/2.0.5/testcontainers-bom-2.0.5.pom
Downloading https://repo1.maven.org/maven2/org/slf4j/slf4j-bom/2.0.18/slf4j-bom-2.0.18.pom
Downloaded https://repo1.maven.org/maven2/io/netty/netty-bom/4.2.13.Final/netty-bom-4.2.13.Final.pom
Downloading https://repo1.maven.org/maven2/com/azure/azure-sdk-bom/1.3.7/azure-sdk-bom-1.3.7.pom
Downloaded https://repo1.maven.org/maven2/org/apache/logging/log4j/log4j-bom/2.26.0/log4j-bom-2.26.0.pom
Downloading https://repo1.maven.org/maven2/com/fasterxml/jackson/jackson-bom/2.21.3/jackson-bom-2.21.3.pom
Downloaded https://repo1.maven.org/maven2/io/grpc/grpc-bom/1.81.0/grpc-bom-1.81.0.pom
Downloading https://repo1.maven.org/maven2/org/eclipse/jetty/jetty-bom/11.0.26/jetty-bom-11.0.26.pom
Downloaded https://repo1.maven.org/maven2/org/junit/junit-bom/5.14.3/junit-bom-5.14.3.pom
Downloading https://repo1.maven.org/maven2/org/apache/cxf/cxf-bom/4.0.11/cxf-bom-4.0.11.pom
Downloaded https://repo1.maven.org/maven2/software/amazon/awssdk/bom/2.44.9/bom-2.44.9.pom
Downloaded https://repo1.maven.org/maven2/org/slf4j/slf4j-bom/2.0.18/slf4j-bom-2.0.18.pom
Downloaded https://repo1.maven.org/maven2/org/eclipse/jetty/jetty-bom/11.0.26/jetty-bom-11.0.26.pom
Downloaded https://repo1.maven.org/maven2/com/fasterxml/jackson/jackson-bom/2.21.3/jackson-bom-2.21.3.pom
Downloaded https://repo1.maven.org/maven2/com/azure/azure-sdk-bom/1.3.7/azure-sdk-bom-1.3.7.pom
Downloaded https://repo1.maven.org/maven2/org/apache/cxf/cxf-bom/4.0.11/cxf-bom-4.0.11.pom
Downloading https://repo1.maven.org/maven2/com/fasterxml/jackson/jackson-parent/2.21/jackson-parent-2.21.pom
Downloading https://repo1.maven.org/maven2/org/sonatype/oss/oss-parent/7/oss-parent-7.pom
Downloading https://repo1.maven.org/maven2/software/amazon/awssdk/aws-sdk-java-pom/2.44.9/aws-sdk-java-pom-2.44.9.pom
Downloading https://repo1.maven.org/maven2/org/apache/cxf/cxf/4.0.11/cxf-4.0.11.pom
Downloaded https://repo1.maven.org/maven2/com/fasterxml/jackson/jackson-parent/2.21/jackson-parent-2.21.pom
Downloaded https://repo1.maven.org/maven2/org/apache/cxf/cxf/4.0.11/cxf-4.0.11.pom
Downloaded https://repo1.maven.org/maven2/org/sonatype/oss/oss-parent/7/oss-parent-7.pom
Downloaded https://repo1.maven.org/maven2/software/amazon/awssdk/aws-sdk-java-pom/2.44.9/aws-sdk-java-pom-2.44.9.pom
Downloading https://repo1.maven.org/maven2/com/fasterxml/oss-parent/75/oss-parent-75.pom
Downloaded https://repo1.maven.org/maven2/com/fasterxml/oss-parent/75/oss-parent-75.pom
Downloading https://repo1.maven.org/maven2/org/codehaus/plexus/plexus-io/3.6.0/plexus-io-3.6.0.pom
Downloading https://repo1.maven.org/maven2/org/virtuslab/scala-cli/config_3/1.14.0/config_3-1.14.0.pom
Downloading https://repo1.maven.org/maven2/org/tukaani/xz/1.12/xz-1.12.pom
Downloading https://repo1.maven.org/maven2/io/github/alexarchambault/concurrent-reference-hash-map/1.1.0/concurrent-reference-hash-map-1.1.0.pom
Downloading https://repo1.maven.org/maven2/io/get-coursier/versions_2.13/0.5.3/versions_2.13-0.5.3.pom
Downloading https://repo1.maven.org/maven2/org/slf4j/slf4j-api/2.0.18/slf4j-api-2.0.18.pom
Downloaded https://repo1.maven.org/maven2/io/get-coursier/versions_2.13/0.5.3/versions_2.13-0.5.3.pom
Downloading https://repo1.maven.org/maven2/javax/inject/javax.inject/1/javax.inject-1.pom
Downloaded https://repo1.maven.org/maven2/org/tukaani/xz/1.12/xz-1.12.pom
Downloading https://repo1.maven.org/maven2/io/github/alexarchambault/windows-ansi/windows-ansi/0.0.6/windows-ansi-0.0.6.pom
Downloaded https://repo1.maven.org/maven2/org/codehaus/plexus/plexus-io/3.6.0/plexus-io-3.6.0.pom
Downloading https://repo1.maven.org/maven2/org/codehaus/plexus/plexus-classworlds/2.6.0/plexus-classworlds-2.6.0.pom
Downloaded https://repo1.maven.org/maven2/io/github/alexarchambault/concurrent-reference-hash-map/1.1.0/concurrent-reference-hash-map-1.1.0.pom
Downloading https://repo1.maven.org/maven2/io/get-coursier/cache-util/2.1.25-M26/cache-util-2.1.25-M26.pom
Downloaded https://repo1.maven.org/maven2/org/virtuslab/scala-cli/config_3/1.14.0/config_3-1.14.0.pom
Downloading https://repo1.maven.org/maven2/org/apache/xbean/xbean-reflect/3.7/xbean-reflect-3.7.pom
Downloaded https://repo1.maven.org/maven2/org/slf4j/slf4j-api/2.0.18/slf4j-api-2.0.18.pom
Downloading https://repo1.maven.org/maven2/org/apache/commons/commons-compress/1.28.0/commons-compress-1.28.0.pom
Downloaded https://repo1.maven.org/maven2/javax/inject/javax.inject/1/javax.inject-1.pom
Downloading https://repo1.maven.org/maven2/commons-io/commons-io/2.22.0/commons-io-2.22.0.pom
Downloaded https://repo1.maven.org/maven2/io/github/alexarchambault/windows-ansi/windows-ansi/0.0.6/windows-ansi-0.0.6.pom
Downloading https://repo1.maven.org/maven2/org/scala-lang/modules/scala-xml_2.13/2.4.0/scala-xml_2.13-2.4.0.pom
Downloaded https://repo1.maven.org/maven2/org/codehaus/plexus/plexus-classworlds/2.6.0/plexus-classworlds-2.6.0.pom
Downloaded https://repo1.maven.org/maven2/io/get-coursier/cache-util/2.1.25-M26/cache-util-2.1.25-M26.pom
Downloaded https://repo1.maven.org/maven2/org/apache/xbean/xbean-reflect/3.7/xbean-reflect-3.7.pom
Downloaded https://repo1.maven.org/maven2/org/apache/commons/commons-compress/1.28.0/commons-compress-1.28.0.pom
Downloaded https://repo1.maven.org/maven2/commons-io/commons-io/2.22.0/commons-io-2.22.0.pom
Downloaded https://repo1.maven.org/maven2/org/scala-lang/modules/scala-xml_2.13/2.4.0/scala-xml_2.13-2.4.0.pom
Downloading https://repo1.maven.org/maven2/org/slf4j/slf4j-parent/2.0.18/slf4j-parent-2.0.18.pom
Downloading https://repo1.maven.org/maven2/org/apache/xbean/xbean/3.7/xbean-3.7.pom
Downloading https://repo1.maven.org/maven2/org/apache/commons/commons-parent/98/commons-parent-98.pom
Downloading https://repo1.maven.org/maven2/org/codehaus/plexus/plexus/24/plexus-24.pom
Downloaded https://repo1.maven.org/maven2/org/slf4j/slf4j-parent/2.0.18/slf4j-parent-2.0.18.pom
Downloaded https://repo1.maven.org/maven2/org/codehaus/plexus/plexus/24/plexus-24.pom
Downloaded https://repo1.maven.org/maven2/org/apache/xbean/xbean/3.7/xbean-3.7.pom
Downloaded https://repo1.maven.org/maven2/org/apache/commons/commons-parent/98/commons-parent-98.pom
Downloading https://repo1.maven.org/maven2/org/codehaus/plexus/plexus/5.1/plexus-5.1.pom
Downloading https://repo1.maven.org/maven2/org/apache/commons/commons-parent/85/commons-parent-85.pom
Downloaded https://repo1.maven.org/maven2/org/apache/commons/commons-parent/85/commons-parent-85.pom
Downloaded https://repo1.maven.org/maven2/org/codehaus/plexus/plexus/5.1/plexus-5.1.pom
Downloading https://repo1.maven.org/maven2/org/apache/apache/37/apache-37.pom
Downloading https://repo1.maven.org/maven2/org/apache/geronimo/genesis/genesis-java5-flava/2.0/genesis-java5-flava-2.0.pom
Downloading https://repo1.maven.org/maven2/org/junit/junit-bom/5.13.4/junit-bom-5.13.4.pom
Downloaded https://repo1.maven.org/maven2/org/apache/geronimo/genesis/genesis-java5-flava/2.0/genesis-java5-flava-2.0.pom
Downloaded https://repo1.maven.org/maven2/org/junit/junit-bom/5.13.4/junit-bom-5.13.4.pom
Downloaded https://repo1.maven.org/maven2/org/apache/apache/37/apache-37.pom
Downloading https://repo1.maven.org/maven2/org/apache/apache/35/apache-35.pom
Downloaded https://repo1.maven.org/maven2/org/apache/apache/35/apache-35.pom
Downloading https://repo1.maven.org/maven2/org/apache/geronimo/genesis/genesis-default-flava/2.0/genesis-default-flava-2.0.pom
Downloaded https://repo1.maven.org/maven2/org/apache/geronimo/genesis/genesis-default-flava/2.0/genesis-default-flava-2.0.pom
Downloading https://repo1.maven.org/maven2/org/apache/geronimo/genesis/genesis/2.0/genesis-2.0.pom
Downloaded https://repo1.maven.org/maven2/org/apache/geronimo/genesis/genesis/2.0/genesis-2.0.pom
Downloading https://repo1.maven.org/maven2/org/apache/apache/6/apache-6.pom
Downloaded https://repo1.maven.org/maven2/org/apache/apache/6/apache-6.pom
Downloading https://repo1.maven.org/maven2/org/junit/junit-bom/5.14.2/junit-bom-5.14.2.pom
Downloaded https://repo1.maven.org/maven2/org/junit/junit-bom/5.14.2/junit-bom-5.14.2.pom
Downloading https://repo1.maven.org/maven2/org/junit/junit-bom/5.13.1/junit-bom-5.13.1.pom
Downloaded https://repo1.maven.org/maven2/org/junit/junit-bom/5.13.1/junit-bom-5.13.1.pom
Downloading https://repo1.maven.org/maven2/org/fusesource/jansi/jansi/2.4.1/jansi-2.4.1.pom
Downloading https://repo1.maven.org/maven2/commons-codec/commons-codec/1.19.0/commons-codec-1.19.0.pom
Downloading https://repo1.maven.org/maven2/org/virtuslab/scala-cli/specification-level_3/1.14.0/specification-level_3-1.14.0.pom
Downloading https://repo1.maven.org/maven2/org/apache/commons/commons-lang3/3.18.0/commons-lang3-3.18.0.pom
Downloaded https://repo1.maven.org/maven2/commons-codec/commons-codec/1.19.0/commons-codec-1.19.0.pom
Downloaded https://repo1.maven.org/maven2/org/virtuslab/scala-cli/specification-level_3/1.14.0/specification-level_3-1.14.0.pom
Downloaded https://repo1.maven.org/maven2/org/apache/commons/commons-lang3/3.18.0/commons-lang3-3.18.0.pom
Downloaded https://repo1.maven.org/maven2/org/fusesource/jansi/jansi/2.4.1/jansi-2.4.1.pom
Downloading https://repo1.maven.org/maven2/org/fusesource/fusesource-pom/1.12/fusesource-pom-1.12.pom
Downloaded https://repo1.maven.org/maven2/org/fusesource/fusesource-pom/1.12/fusesource-pom-1.12.pom
Downloading https://repo1.maven.org/maven2/io/get-coursier/dependency_2.13/0.3.2/dependency_2.13-0.3.2.jar
Downloading https://repo1.maven.org/maven2/com/lihaoyi/mill-libs-tabcomplete_3/1.1.7/mill-libs-tabcomplete_3-1.1.7.jar
Downloading https://repo1.maven.org/maven2/com/lihaoyi/mill-core-api-java11_3/1.1.7/mill-core-api-java11_3-1.1.7.jar
Downloading https://repo1.maven.org/maven2/com/lihaoyi/os-lib_3/0.11.8/os-lib_3-0.11.8.jar
Downloading https://repo1.maven.org/maven2/com/lihaoyi/mainargs_3/0.7.8/mainargs_3-0.7.8.jar
Downloading https://repo1.maven.org/maven2/com/lihaoyi/mill-libs-kotlinlib-api_3/1.1.7/mill-libs-kotlinlib-api_3-1.1.7.jar
Downloaded https://repo1.maven.org/maven2/com/lihaoyi/mill-libs-tabcomplete_3/1.1.7/mill-libs-tabcomplete_3-1.1.7.jar
Downloading https://repo1.maven.org/maven2/io/get-coursier/coursier-util_2.13/2.1.25-M26/coursier-util_2.13-2.1.25-M26.jar
Downloaded https://repo1.maven.org/maven2/com/lihaoyi/mill-core-api-java11_3/1.1.7/mill-core-api-java11_3-1.1.7.jar
Downloading https://repo1.maven.org/maven2/com/lihaoyi/mill-core-eval_3/1.1.7/mill-core-eval_3-1.1.7.jar
Downloaded https://repo1.maven.org/maven2/io/get-coursier/dependency_2.13/0.3.2/dependency_2.13-0.3.2.jar
Downloading https://repo1.maven.org/maven2/com/lihaoyi/ujson_3/4.4.3/ujson_3-4.4.3.jar
Downloaded https://repo1.maven.org/maven2/com/lihaoyi/mill-libs-kotlinlib-api_3/1.1.7/mill-libs-kotlinlib-api_3-1.1.7.jar
Downloading https://repo1.maven.org/maven2/com/lihaoyi/mill-core-internal-cli_3/1.1.7/mill-core-internal-cli_3-1.1.7.jar
Downloaded https://repo1.maven.org/maven2/com/lihaoyi/mainargs_3/0.7.8/mainargs_3-0.7.8.jar
Downloading https://repo1.maven.org/maven2/ch/qos/logback/logback-classic/1.5.33/logback-classic-1.5.33.jar
Downloaded https://repo1.maven.org/maven2/com/lihaoyi/mill-core-eval_3/1.1.7/mill-core-eval_3-1.1.7.jar
Downloading https://repo1.maven.org/maven2/com/github/plokhotnyuk/jsoniter-scala/jsoniter-scala-core_2.13/2.13.5/jsoniter-scala-core_2.13-2.13.5.jar
Downloaded https://repo1.maven.org/maven2/com/lihaoyi/os-lib_3/0.11.8/os-lib_3-0.11.8.jar
Downloading https://repo1.maven.org/maven2/com/lihaoyi/mill-core-constants/1.1.7/mill-core-constants-1.1.7.jar
Downloaded https://repo1.maven.org/maven2/com/lihaoyi/mill-core-internal-cli_3/1.1.7/mill-core-internal-cli_3-1.1.7.jar
Downloading https://repo1.maven.org/maven2/io/get-coursier/cache-util/2.1.25-M26/cache-util-2.1.25-M26.jar
Downloaded https://repo1.maven.org/maven2/com/lihaoyi/ujson_3/4.4.3/ujson_3-4.4.3.jar
Downloading https://repo1.maven.org/maven2/commons-codec/commons-codec/1.19.0/commons-codec-1.19.0.jar
Downloaded https://repo1.maven.org/maven2/io/get-coursier/coursier-util_2.13/2.1.25-M26/coursier-util_2.13-2.1.25-M26.jar
Downloading https://repo1.maven.org/maven2/org/codehaus/plexus/plexus-classworlds/2.6.0/plexus-classworlds-2.6.0.jar
Downloaded https://repo1.maven.org/maven2/com/lihaoyi/mill-core-constants/1.1.7/mill-core-constants-1.1.7.jar
Downloading https://repo1.maven.org/maven2/org/scala-lang/scala3-compiler_3/3.8.2/scala3-compiler_3-3.8.2.jar
Downloaded https://repo1.maven.org/maven2/ch/qos/logback/logback-classic/1.5.33/logback-classic-1.5.33.jar
Downloading https://repo1.maven.org/maven2/com/lihaoyi/mill-libs-util_3/1.1.7/mill-libs-util_3-1.1.7.jar
Downloaded https://repo1.maven.org/maven2/com/github/plokhotnyuk/jsoniter-scala/jsoniter-scala-core_2.13/2.13.5/jsoniter-scala-core_2.13-2.13.5.jar
Downloading https://repo1.maven.org/maven2/net/java/dev/jna/jna/5.19.1/jna-5.19.1.jar
Downloaded https://repo1.maven.org/maven2/io/get-coursier/cache-util/2.1.25-M26/cache-util-2.1.25-M26.jar
Downloading https://repo1.maven.org/maven2/com/lihaoyi/upickle-implicits-named-tuples_3/4.4.3/upickle-implicits-named-tuples_3-4.4.3.jar
Downloaded https://repo1.maven.org/maven2/org/codehaus/plexus/plexus-classworlds/2.6.0/plexus-classworlds-2.6.0.jar
Downloading https://repo1.maven.org/maven2/org/scala-lang/scala-library/3.8.2/scala-library-3.8.2.jar
Downloaded https://repo1.maven.org/maven2/commons-codec/commons-codec/1.19.0/commons-codec-1.19.0.jar
Downloading https://repo1.maven.org/maven2/ch/qos/logback/logback-core/1.5.33/logback-core-1.5.33.jar
Downloaded https://repo1.maven.org/maven2/com/lihaoyi/upickle-implicits-named-tuples_3/4.4.3/upickle-implicits-named-tuples_3-4.4.3.jar
Downloading https://repo1.maven.org/maven2/org/ow2/asm/asm/9.10.1/asm-9.10.1.jar
Downloaded https://repo1.maven.org/maven2/com/lihaoyi/mill-libs-util_3/1.1.7/mill-libs-util_3-1.1.7.jar
Downloading https://repo1.maven.org/maven2/com/lihaoyi/upickle_3/4.4.3/upickle_3-4.4.3.jar
Downloaded https://repo1.maven.org/maven2/org/ow2/asm/asm/9.10.1/asm-9.10.1.jar
Downloading https://repo1.maven.org/maven2/org/jline/jline/3.30.13/jline-3.30.13.jar
Downloaded https://repo1.maven.org/maven2/ch/qos/logback/logback-core/1.5.33/logback-core-1.5.33.jar
Downloading https://repo1.maven.org/maven2/io/get-coursier/coursier-exec/2.1.25-M26/coursier-exec-2.1.25-M26.jar
Downloaded https://repo1.maven.org/maven2/com/lihaoyi/upickle_3/4.4.3/upickle_3-4.4.3.jar
Downloading https://repo1.maven.org/maven2/org/scala-sbt/util-interface/2.0.0-RC8/util-interface-2.0.0-RC8.jar
Downloaded https://repo1.maven.org/maven2/net/java/dev/jna/jna/5.19.1/jna-5.19.1.jar
Downloading https://repo1.maven.org/maven2/org/fusesource/jansi/jansi/2.4.1/jansi-2.4.1.jar
Downloaded https://repo1.maven.org/maven2/io/get-coursier/coursier-exec/2.1.25-M26/coursier-exec-2.1.25-M26.jar
Downloading https://repo1.maven.org/maven2/io/get-coursier/coursier_2.13/2.1.25-M26/coursier_2.13-2.1.25-M26.jar
Downloaded https://repo1.maven.org/maven2/org/scala-sbt/util-interface/2.0.0-RC8/util-interface-2.0.0-RC8.jar
Downloading https://repo1.maven.org/maven2/io/get-coursier/coursier-core_2.13/2.1.25-M26/coursier-core_2.13-2.1.25-M26.jar
Downloaded https://repo1.maven.org/maven2/org/fusesource/jansi/jansi/2.4.1/jansi-2.4.1.jar
Downloading https://repo1.maven.org/maven2/com/lihaoyi/mill-libs-kotlinlib-ksp2-api_3/1.1.7/mill-libs-kotlinlib-ksp2-api_3-1.1.7.jar
Downloaded https://repo1.maven.org/maven2/com/lihaoyi/mill-libs-kotlinlib-ksp2-api_3/1.1.7/mill-libs-kotlinlib-ksp2-api_3-1.1.7.jar
Downloading https://repo1.maven.org/maven2/com/lihaoyi/mill-core-api_3/1.1.7/mill-core-api_3-1.1.7.jar
Downloaded https://repo1.maven.org/maven2/io/get-coursier/coursier_2.13/2.1.25-M26/coursier_2.13-2.1.25-M26.jar
Downloading https://repo1.maven.org/maven2/org/tukaani/xz/1.12/xz-1.12.jar
Downloaded https://repo1.maven.org/maven2/org/jline/jline/3.30.13/jline-3.30.13.jar
Downloading https://repo1.maven.org/maven2/com/lihaoyi/mill-core-api-daemon_3/1.1.7/mill-core-api-daemon_3-1.1.7.jar
Downloaded https://repo1.maven.org/maven2/io/get-coursier/coursier-core_2.13/2.1.25-M26/coursier-core_2.13-2.1.25-M26.jar
Downloading https://repo1.maven.org/maven2/org/scala-lang/tasty-core_3/3.8.2/tasty-core_3-3.8.2.jar
Downloaded https://repo1.maven.org/maven2/org/tukaani/xz/1.12/xz-1.12.jar
Downloading https://repo1.maven.org/maven2/com/lihaoyi/mill-libs-groovylib-api_3/1.1.7/mill-libs-groovylib-api_3-1.1.7.jar
Downloaded https://repo1.maven.org/maven2/com/lihaoyi/mill-core-api_3/1.1.7/mill-core-api_3-1.1.7.jar
Downloading https://repo1.maven.org/maven2/com/lihaoyi/requests_3/0.9.3/requests_3-0.9.3.jar
Downloaded https://repo1.maven.org/maven2/com/lihaoyi/mill-core-api-daemon_3/1.1.7/mill-core-api-daemon_3-1.1.7.jar
Downloading https://repo1.maven.org/maven2/com/lihaoyi/mill-runner-codesig_3/1.1.7/mill-runner-codesig_3-1.1.7.jar
Downloaded https://repo1.maven.org/maven2/org/scala-lang/tasty-core_3/3.8.2/tasty-core_3-3.8.2.jar
Downloading https://repo1.maven.org/maven2/com/lihaoyi/mill-libs-script_3/1.1.7/mill-libs-script_3-1.1.7.jar
Downloaded https://repo1.maven.org/maven2/com/lihaoyi/mill-libs-groovylib-api_3/1.1.7/mill-libs-groovylib-api_3-1.1.7.jar
Downloading https://repo1.maven.org/maven2/io/get-coursier/jniutils/windows-jni-utils/0.3.4/windows-jni-utils-0.3.4.jar
Downloaded https://repo1.maven.org/maven2/com/lihaoyi/requests_3/0.9.3/requests_3-0.9.3.jar
Downloading https://repo1.maven.org/maven2/com/lihaoyi/os-zip/0.11.8/os-zip-0.11.8.jar
Downloaded https://repo1.maven.org/maven2/com/lihaoyi/mill-runner-codesig_3/1.1.7/mill-runner-codesig_3-1.1.7.jar
Downloading https://repo1.maven.org/maven2/com/lihaoyi/mill-libs-javalib_3/1.1.7/mill-libs-javalib_3-1.1.7.jar
Downloaded https://repo1.maven.org/maven2/io/get-coursier/jniutils/windows-jni-utils/0.3.4/windows-jni-utils-0.3.4.jar
Downloading https://repo1.maven.org/maven2/org/codehaus/plexus/plexus-io/3.6.0/plexus-io-3.6.0.jar
Downloaded https://repo1.maven.org/maven2/com/lihaoyi/mill-libs-script_3/1.1.7/mill-libs-script_3-1.1.7.jar
Downloading https://repo1.maven.org/maven2/org/scala-lang/modules/scala-xml_2.13/2.4.0/scala-xml_2.13-2.4.0.jar
Downloaded https://repo1.maven.org/maven2/com/lihaoyi/os-zip/0.11.8/os-zip-0.11.8.jar
Downloading https://repo1.maven.org/maven2/com/lihaoyi/upickle-implicits_3/4.4.3/upickle-implicits_3-4.4.3.jar
Downloaded https://repo1.maven.org/maven2/org/codehaus/plexus/plexus-io/3.6.0/plexus-io-3.6.0.jar
Downloading https://repo1.maven.org/maven2/io/get-coursier/versions_2.13/0.5.3/versions_2.13-0.5.3.jar
Downloaded https://repo1.maven.org/maven2/com/lihaoyi/upickle-implicits_3/4.4.3/upickle-implicits_3-4.4.3.jar
Downloading https://repo1.maven.org/maven2/io/github/alexarchambault/windows-ansi/windows-ansi/0.0.6/windows-ansi-0.0.6.jar
Downloaded https://repo1.maven.org/maven2/org/scala-lang/modules/scala-xml_2.13/2.4.0/scala-xml_2.13-2.4.0.jar
Downloading https://repo1.maven.org/maven2/com/lihaoyi/mill-libs-javalib-api_3/1.1.7/mill-libs-javalib-api_3-1.1.7.jar
Downloaded https://repo1.maven.org/maven2/io/github/alexarchambault/windows-ansi/windows-ansi/0.0.6/windows-ansi-0.0.6.jar
Downloaded https://repo1.maven.org/maven2/io/get-coursier/versions_2.13/0.5.3/versions_2.13-0.5.3.jar
Downloading https://repo1.maven.org/maven2/org/scala-lang/modules/scala-asm/9.9.0-scala-1/scala-asm-9.9.0-scala-1.jar
Downloading https://repo1.maven.org/maven2/com/lihaoyi/geny_3/1.1.1/geny_3-1.1.1.jar
Downloaded https://repo1.maven.org/maven2/com/lihaoyi/mill-libs-javalib-api_3/1.1.7/mill-libs-javalib-api_3-1.1.7.jar
Downloading https://repo1.maven.org/maven2/com/lumidion/sonatype-central-client-core_3/0.6.0/sonatype-central-client-core_3-0.6.0.jar
Downloaded https://repo1.maven.org/maven2/com/lihaoyi/geny_3/1.1.1/geny_3-1.1.1.jar
Downloading https://repo1.maven.org/maven2/com/lihaoyi/upack_3/4.4.3/upack_3-4.4.3.jar
Downloaded https://repo1.maven.org/maven2/org/scala-lang/modules/scala-asm/9.9.0-scala-1/scala-asm-9.9.0-scala-1.jar
Downloading https://repo1.maven.org/maven2/com/lihaoyi/pprint_3/0.9.6/pprint_3-0.9.6.jar
Downloaded https://repo1.maven.org/maven2/org/scala-lang/scala-library/3.8.2/scala-library-3.8.2.jar
Downloading https://repo1.maven.org/maven2/com/lihaoyi/mill-libs-scalalib_3/1.1.7/mill-libs-scalalib_3-1.1.7.jar
Downloaded https://repo1.maven.org/maven2/com/lihaoyi/mill-libs-javalib_3/1.1.7/mill-libs-javalib_3-1.1.7.jar
Downloading https://repo1.maven.org/maven2/com/lihaoyi/mill-libs-kotlinlib_3/1.1.7/mill-libs-kotlinlib_3-1.1.7.jar
Downloaded https://repo1.maven.org/maven2/com/lumidion/sonatype-central-client-core_3/0.6.0/sonatype-central-client-core_3-0.6.0.jar
Downloading https://repo1.maven.org/maven2/com/lihaoyi/mill-moduledefs_3/0.13.1/mill-moduledefs_3-0.13.1.jar
Downloaded https://repo1.maven.org/maven2/com/lihaoyi/upack_3/4.4.3/upack_3-4.4.3.jar
Downloading https://repo1.maven.org/maven2/com/lihaoyi/mill-libs-daemon-server_3/1.1.7/mill-libs-daemon-server_3-1.1.7.jar
Downloaded https://repo1.maven.org/maven2/com/lihaoyi/mill-moduledefs_3/0.13.1/mill-moduledefs_3-0.13.1.jar
Downloading https://repo1.maven.org/maven2/com/lihaoyi/mill-libs-util-java11_3/1.1.7/mill-libs-util-java11_3-1.1.7.jar
Downloaded https://repo1.maven.org/maven2/com/lihaoyi/mill-libs-scalalib_3/1.1.7/mill-libs-scalalib_3-1.1.7.jar
Downloading https://repo1.maven.org/maven2/com/lihaoyi/upickle-core_3/4.4.3/upickle-core_3-4.4.3.jar
Downloaded https://repo1.maven.org/maven2/com/lihaoyi/pprint_3/0.9.6/pprint_3-0.9.6.jar
Downloading https://repo1.maven.org/maven2/com/lihaoyi/unroll-annotation_3/0.2.0/unroll-annotation_3-0.2.0.jar
Downloaded https://repo1.maven.org/maven2/com/lihaoyi/mill-libs-kotlinlib_3/1.1.7/mill-libs-kotlinlib_3-1.1.7.jar
Downloading https://repo1.maven.org/maven2/io/github/alexarchambault/is-terminal/0.1.2/is-terminal-0.1.2.jar
Downloaded https://repo1.maven.org/maven2/com/lihaoyi/mill-libs-daemon-server_3/1.1.7/mill-libs-daemon-server_3-1.1.7.jar
Downloading https://repo1.maven.org/maven2/com/lihaoyi/mill-runner-server_3/1.1.7/mill-runner-server_3-1.1.7.jar
Downloaded https://repo1.maven.org/maven2/com/lihaoyi/unroll-annotation_3/0.2.0/unroll-annotation_3-0.2.0.jar
Downloading https://repo1.maven.org/maven2/org/codehaus/plexus/plexus-container-default/2.1.1/plexus-container-default-2.1.1.jar
Downloaded https://repo1.maven.org/maven2/com/lihaoyi/upickle-core_3/4.4.3/upickle-core_3-4.4.3.jar
Downloading https://repo1.maven.org/maven2/org/apache/commons/commons-compress/1.28.0/commons-compress-1.28.0.jar
Downloaded https://repo1.maven.org/maven2/com/lihaoyi/mill-libs-util-java11_3/1.1.7/mill-libs-util-java11_3-1.1.7.jar
Downloading https://repo1.maven.org/maven2/com/lihaoyi/sourcecode_3/0.4.4/sourcecode_3-0.4.4.jar
Downloaded https://repo1.maven.org/maven2/io/github/alexarchambault/is-terminal/0.1.2/is-terminal-0.1.2.jar
Downloading https://repo1.maven.org/maven2/com/lihaoyi/mill-core-exec_3/1.1.7/mill-core-exec_3-1.1.7.jar
Downloaded https://repo1.maven.org/maven2/com/lihaoyi/sourcecode_3/0.4.4/sourcecode_3-0.4.4.jar
Downloading https://repo1.maven.org/maven2/com/lihaoyi/mill-libs-groovylib_3/1.1.7/mill-libs-groovylib_3-1.1.7.jar
Downloaded https://repo1.maven.org/maven2/org/codehaus/plexus/plexus-container-default/2.1.1/plexus-container-default-2.1.1.jar
Downloading https://repo1.maven.org/maven2/com/lihaoyi/mill-libs-javalib-testrunner_3/1.1.7/mill-libs-javalib-testrunner_3-1.1.7.jar
Downloaded https://repo1.maven.org/maven2/com/lihaoyi/mill-libs-groovylib_3/1.1.7/mill-libs-groovylib_3-1.1.7.jar
Downloading https://repo1.maven.org/maven2/io/get-coursier/coursier-proxy-setup/2.1.25-M26/coursier-proxy-setup-2.1.25-M26.jar
Downloaded https://repo1.maven.org/maven2/com/lihaoyi/mill-runner-server_3/1.1.7/mill-runner-server_3-1.1.7.jar
Downloading https://repo1.maven.org/maven2/org/codehaus/plexus/plexus-utils/4.0.3/plexus-utils-4.0.3.jar
Downloaded https://repo1.maven.org/maven2/com/lihaoyi/mill-core-exec_3/1.1.7/mill-core-exec_3-1.1.7.jar
Downloading https://repo1.maven.org/maven2/com/lumidion/sonatype-central-client-upickle_3/0.6.0/sonatype-central-client-upickle_3-0.6.0.jar
Downloaded https://repo1.maven.org/maven2/org/apache/commons/commons-compress/1.28.0/commons-compress-1.28.0.jar
Downloading https://repo1.maven.org/maven2/org/apache/commons/commons-lang3/3.18.0/commons-lang3-3.18.0.jar
Downloaded https://repo1.maven.org/maven2/com/lihaoyi/mill-libs-javalib-testrunner_3/1.1.7/mill-libs-javalib-testrunner_3-1.1.7.jar
Downloading https://repo1.maven.org/maven2/com/lihaoyi/mill-runner-meta_3/1.1.7/mill-runner-meta_3-1.1.7.jar
Downloaded https://repo1.maven.org/maven2/io/get-coursier/coursier-proxy-setup/2.1.25-M26/coursier-proxy-setup-2.1.25-M26.jar
Downloading https://repo1.maven.org/maven2/org/ow2/asm/asm-tree/9.10.1/asm-tree-9.10.1.jar
Downloaded https://repo1.maven.org/maven2/com/lumidion/sonatype-central-client-upickle_3/0.6.0/sonatype-central-client-upickle_3-0.6.0.jar
Downloading https://repo1.maven.org/maven2/org/virtuslab/scala-cli/config_3/1.14.0/config_3-1.14.0.jar
Downloaded https://repo1.maven.org/maven2/org/codehaus/plexus/plexus-utils/4.0.3/plexus-utils-4.0.3.jar
Downloading https://repo1.maven.org/maven2/io/github/alexarchambault/concurrent-reference-hash-map/1.1.0/concurrent-reference-hash-map-1.1.0.jar
Downloaded https://repo1.maven.org/maven2/org/ow2/asm/asm-tree/9.10.1/asm-tree-9.10.1.jar
Downloading https://repo1.maven.org/maven2/com/lumidion/sonatype-central-client-requests_3/0.6.0/sonatype-central-client-requests_3-0.6.0.jar
Downloaded https://repo1.maven.org/maven2/com/lihaoyi/mill-runner-meta_3/1.1.7/mill-runner-meta_3-1.1.7.jar
Downloading https://repo1.maven.org/maven2/com/lihaoyi/fansi_3/0.5.1/fansi_3-0.5.1.jar
Downloaded https://repo1.maven.org/maven2/org/apache/commons/commons-lang3/3.18.0/commons-lang3-3.18.0.jar
Downloading https://repo1.maven.org/maven2/com/lihaoyi/mill-runner-eclipse_3/1.1.7/mill-runner-eclipse_3-1.1.7.jar
Downloaded https://repo1.maven.org/maven2/org/virtuslab/scala-cli/config_3/1.14.0/config_3-1.14.0.jar
Downloading https://repo1.maven.org/maven2/com/lihaoyi/mill-runner-launcher_3/1.1.7/mill-runner-launcher_3-1.1.7.jar
Downloaded https://repo1.maven.org/maven2/com/lumidion/sonatype-central-client-requests_3/0.6.0/sonatype-central-client-requests_3-0.6.0.jar
Downloading https://repo1.maven.org/maven2/io/get-coursier/coursier-cache_2.13/2.1.25-M26/coursier-cache_2.13-2.1.25-M26.jar
Downloaded https://repo1.maven.org/maven2/com/lihaoyi/fansi_3/0.5.1/fansi_3-0.5.1.jar
Downloading https://repo1.maven.org/maven2/com/lihaoyi/mill-runner-daemon_3/1.1.7/mill-runner-daemon_3-1.1.7.jar
Downloaded https://repo1.maven.org/maven2/com/lihaoyi/mill-runner-eclipse_3/1.1.7/mill-runner-eclipse_3-1.1.7.jar
Downloading https://repo1.maven.org/maven2/com/lihaoyi/mill-core-resolve_3/1.1.7/mill-core-resolve_3-1.1.7.jar
Downloaded https://repo1.maven.org/maven2/io/github/alexarchambault/concurrent-reference-hash-map/1.1.0/concurrent-reference-hash-map-1.1.0.jar
Downloading https://repo1.maven.org/maven2/org/scala-sbt/compiler-interface/2.0.0-M14/compiler-interface-2.0.0-M14.jar
Downloaded https://repo1.maven.org/maven2/com/lihaoyi/mill-runner-launcher_3/1.1.7/mill-runner-launcher_3-1.1.7.jar
Downloading https://repo1.maven.org/maven2/org/ow2/asm/asm-analysis/9.10.1/asm-analysis-9.10.1.jar
Downloaded https://repo1.maven.org/maven2/com/lihaoyi/mill-core-resolve_3/1.1.7/mill-core-resolve_3-1.1.7.jar
Downloading https://repo1.maven.org/maven2/org/scala-sbt/test-interface/1.0/test-interface-1.0.jar
Downloaded https://repo1.maven.org/maven2/io/get-coursier/coursier-cache_2.13/2.1.25-M26/coursier-cache_2.13-2.1.25-M26.jar
Downloading https://repo1.maven.org/maven2/org/snakeyaml/snakeyaml-engine/3.0.1/snakeyaml-engine-3.0.1.jar
Downloaded https://repo1.maven.org/maven2/org/ow2/asm/asm-analysis/9.10.1/asm-analysis-9.10.1.jar
Downloading https://repo1.maven.org/maven2/io/get-coursier/coursier-paths/2.1.25-M26/coursier-paths-2.1.25-M26.jar
Downloaded https://repo1.maven.org/maven2/com/lihaoyi/mill-runner-daemon_3/1.1.7/mill-runner-daemon_3-1.1.7.jar
Downloading https://repo1.maven.org/maven2/io/get-coursier/coursier-jvm_2.13/2.1.25-M26/coursier-jvm_2.13-2.1.25-M26.jar
Downloaded https://repo1.maven.org/maven2/org/scala-sbt/compiler-interface/2.0.0-M14/compiler-interface-2.0.0-M14.jar
Downloading https://repo1.maven.org/maven2/com/lihaoyi/fastparse_3/3.1.1/fastparse_3-3.1.1.jar
Downloaded https://repo1.maven.org/maven2/org/scala-sbt/test-interface/1.0/test-interface-1.0.jar
Downloading https://repo1.maven.org/maven2/com/lihaoyi/mill-libs-rpc_3/1.1.7/mill-libs-rpc_3-1.1.7.jar
Downloaded https://repo1.maven.org/maven2/io/get-coursier/coursier-paths/2.1.25-M26/coursier-paths-2.1.25-M26.jar
Downloading https://repo1.maven.org/maven2/commons-io/commons-io/2.22.0/commons-io-2.22.0.jar
Downloaded https://repo1.maven.org/maven2/io/get-coursier/coursier-jvm_2.13/2.1.25-M26/coursier-jvm_2.13-2.1.25-M26.jar
Downloading https://repo1.maven.org/maven2/io/get-coursier/coursier-env_2.13/2.1.25-M26/coursier-env_2.13-2.1.25-M26.jar
Downloaded https://repo1.maven.org/maven2/org/snakeyaml/snakeyaml-engine/3.0.1/snakeyaml-engine-3.0.1.jar
Downloading https://repo1.maven.org/maven2/org/scala-lang/scala3-library_3/3.8.2/scala3-library_3-3.8.2.jar
Downloaded https://repo1.maven.org/maven2/com/lihaoyi/mill-libs-rpc_3/1.1.7/mill-libs-rpc_3-1.1.7.jar
Downloading https://repo1.maven.org/maven2/io/github/alexarchambault/native-terminal/native-terminal-no-ffm/0.0.9.1/native-terminal-no-ffm-0.0.9.1.jar
Downloaded https://repo1.maven.org/maven2/org/scala-lang/scala3-library_3/3.8.2/scala3-library_3-3.8.2.jar
Downloading https://repo1.maven.org/maven2/io/get-coursier/coursier-archive-cache_2.13/2.1.25-M26/coursier-archive-cache_2.13-2.1.25-M26.jar
Downloaded https://repo1.maven.org/maven2/io/get-coursier/coursier-env_2.13/2.1.25-M26/coursier-env_2.13-2.1.25-M26.jar
Downloading https://repo1.maven.org/maven2/org/scala-lang/modules/scala-xml_3/2.4.0/scala-xml_3-2.4.0.jar
Downloaded https://repo1.maven.org/maven2/commons-io/commons-io/2.22.0/commons-io-2.22.0.jar
Downloading https://repo1.maven.org/maven2/org/codehaus/plexus/plexus-archiver/4.12.0/plexus-archiver-4.12.0.jar
Downloaded https://repo1.maven.org/maven2/io/github/alexarchambault/native-terminal/native-terminal-no-ffm/0.0.9.1/native-terminal-no-ffm-0.0.9.1.jar
Downloading https://repo1.maven.org/maven2/org/scala-lang/scala-reflect/2.13.18/scala-reflect-2.13.18.jar
Downloaded https://repo1.maven.org/maven2/io/get-coursier/coursier-archive-cache_2.13/2.1.25-M26/coursier-archive-cache_2.13-2.1.25-M26.jar
Downloading https://repo1.maven.org/maven2/com/lihaoyi/mill-libs-init_3/1.1.7/mill-libs-init_3-1.1.7.jar
Downloaded https://repo1.maven.org/maven2/com/lihaoyi/fastparse_3/3.1.1/fastparse_3-3.1.1.jar
Downloading https://repo1.maven.org/maven2/com/lihaoyi/mill-libs-javalib-testrunner-entrypoint/1.1.7/mill-libs-javalib-testrunner-entrypoint-1.1.7.jar
Downloaded https://repo1.maven.org/maven2/org/codehaus/plexus/plexus-archiver/4.12.0/plexus-archiver-4.12.0.jar
Downloading https://repo1.maven.org/maven2/org/jline/jline-native/3.29.0/jline-native-3.29.0.jar
Downloaded https://repo1.maven.org/maven2/com/lihaoyi/mill-libs-init_3/1.1.7/mill-libs-init_3-1.1.7.jar
Downloading https://repo1.maven.org/maven2/com/lihaoyi/mill-libs-daemon-client_3/1.1.7/mill-libs-daemon-client_3-1.1.7.jar
Downloaded https://repo1.maven.org/maven2/com/lihaoyi/mill-libs-javalib-testrunner-entrypoint/1.1.7/mill-libs-javalib-testrunner-entrypoint-1.1.7.jar
Downloading https://repo1.maven.org/maven2/org/apache/tika/tika-core/3.3.1/tika-core-3.3.1.jar
Downloaded https://repo1.maven.org/maven2/org/jline/jline-native/3.29.0/jline-native-3.29.0.jar
Downloading https://repo1.maven.org/maven2/org/slf4j/slf4j-api/2.0.18/slf4j-api-2.0.18.jar
Downloaded https://repo1.maven.org/maven2/com/lihaoyi/mill-libs-daemon-client_3/1.1.7/mill-libs-daemon-client_3-1.1.7.jar
Downloading https://repo1.maven.org/maven2/com/lihaoyi/mill-core-internal_3/1.1.7/mill-core-internal_3-1.1.7.jar
Downloaded https://repo1.maven.org/maven2/org/scala-lang/modules/scala-xml_3/2.4.0/scala-xml_3-2.4.0.jar
Downloading https://repo1.maven.org/maven2/com/lihaoyi/os-lib-watch_3/0.11.8/os-lib-watch_3-0.11.8.jar
Downloaded https://repo1.maven.org/maven2/org/slf4j/slf4j-api/2.0.18/slf4j-api-2.0.18.jar
Downloading https://repo1.maven.org/maven2/org/scala-lang/modules/scala-collection-compat_2.13/2.13.0/scala-collection-compat_2.13-2.13.0.jar
Downloaded https://repo1.maven.org/maven2/org/apache/tika/tika-core/3.3.1/tika-core-3.3.1.jar
Downloading https://repo1.maven.org/maven2/javax/inject/javax.inject/1/javax.inject-1.jar
Downloaded https://repo1.maven.org/maven2/org/scala-lang/modules/scala-collection-compat_2.13/2.13.0/scala-collection-compat_2.13-2.13.0.jar
Downloading https://repo1.maven.org/maven2/org/scala-lang/scala3-interfaces/3.8.2/scala3-interfaces-3.8.2.jar
Downloaded https://repo1.maven.org/maven2/com/lihaoyi/os-lib-watch_3/0.11.8/os-lib-watch_3-0.11.8.jar
Downloading https://repo1.maven.org/maven2/com/lihaoyi/mill-runner-bsp_3/1.1.7/mill-runner-bsp_3-1.1.7.jar
Downloaded https://repo1.maven.org/maven2/com/lihaoyi/mill-core-internal_3/1.1.7/mill-core-internal_3-1.1.7.jar
Downloading https://repo1.maven.org/maven2/com/github/luben/zstd-jni/1.5.7-11/zstd-jni-1.5.7-11.jar
Downloaded https://repo1.maven.org/maven2/javax/inject/javax.inject/1/javax.inject-1.jar
Downloading https://repo1.maven.org/maven2/org/virtuslab/scala-cli/specification-level_3/1.14.0/specification-level_3-1.14.0.jar
Downloaded https://repo1.maven.org/maven2/org/scala-lang/scala3-interfaces/3.8.2/scala3-interfaces-3.8.2.jar
Downloading https://repo1.maven.org/maven2/org/apache/xbean/xbean-reflect/3.7/xbean-reflect-3.7.jar
Downloaded https://repo1.maven.org/maven2/com/lihaoyi/mill-runner-bsp_3/1.1.7/mill-runner-bsp_3-1.1.7.jar
Downloading https://repo1.maven.org/maven2/org/scala-lang/modules/scala-collection-compat_3/2.12.0/scala-collection-compat_3-2.12.0.jar
Downloaded https://repo1.maven.org/maven2/org/virtuslab/scala-cli/specification-level_3/1.14.0/specification-level_3-1.14.0.jar
Downloaded https://repo1.maven.org/maven2/org/scala-lang/modules/scala-collection-compat_3/2.12.0/scala-collection-compat_3-2.12.0.jar
Downloaded https://repo1.maven.org/maven2/org/apache/xbean/xbean-reflect/3.7/xbean-reflect-3.7.jar
Downloaded https://repo1.maven.org/maven2/org/scala-lang/scala3-compiler_3/3.8.2/scala3-compiler_3-3.8.2.jar
Downloaded https://repo1.maven.org/maven2/org/scala-lang/scala-reflect/2.13.18/scala-reflect-2.13.18.jar
Downloaded https://repo1.maven.org/maven2/com/github/luben/zstd-jni/1.5.7-11/zstd-jni-1.5.7-11.jar
Downloading https://repo1.maven.org/maven2/io/get-coursier/jvm/indices/index-linux-amd64/0.0.4-162-4be9be/index-linux-amd64-0.0.4-162-4be9be.pom
Downloaded https://repo1.maven.org/maven2/io/get-coursier/jvm/indices/index-linux-amd64/0.0.4-162-4be9be/index-linux-amd64-0.0.4-162-4be9be.pom
Downloading https://repo1.maven.org/maven2/io/get-coursier/jvm/indices/index-linux-amd64/0.0.4-162-4be9be/index-linux-amd64-0.0.4-162-4be9be.jar
Downloaded https://repo1.maven.org/maven2/io/get-coursier/jvm/indices/index-linux-amd64/0.0.4-162-4be9be/index-linux-amd64-0.0.4-162-4be9be.jar
Downloading https://cdn.azul.com/zulu/bin/zulu25.32.17-ca-jdk25.0.2-linux_x64.tar.gz
Still downloading:
https://cdn.azul.com/zulu/bin/zulu25.32.17-ca-jdk25.0.2-linux_x64.tar.gz (94.47 %, 219651968 / 232519090)

Downloaded https://cdn.azul.com/zulu/bin/zulu25.32.17-ca-jdk25.0.2-linux_x64.tar.gz
/home/runner/.cache/nodal/mill/mill-1.1.7.sh mil....scalafmt.ScalafmtModule/reformatAll __.sources
build.mill-68] compile compiling 1 Scala source to out/mill-build/compile.dest/classes ...
build.mill-68] done compiling
29] mill.scalalib.scalafmt.ScalafmtModule/reformatAll Formatting 60 Scala sources
26] mill.scalalib.scalafmt.ScalafmtWorkerModule/scalafmtWorkerClasspath
26] Downloading https://repo1.maven.org/maven2/org/scalameta/scalafmt-core_2.13/3.11.5/scalafmt-core_2.13-3.11.5.pom
26] Downloaded https://repo1.maven.org/maven2/org/scalameta/scalafmt-core_2.13/3.11.5/scalafmt-core_2.13-3.11.5.pom
26] Downloading https://repo1.maven.org/maven2/org/scalameta/scalafmt-sysops_2.13/3.11.5/scalafmt-sysops_2.13-3.11.5.pom
26] Downloading https://repo1.maven.org/maven2/org/scalameta/scalameta_2.13/4.17.3/scalameta_2.13-4.17.3.pom
26] Downloading https://repo1.maven.org/maven2/org/scalameta/mdoc-parser_2.13/2.9.1/mdoc-parser_2.13-2.9.1.pom
26] Downloading https://repo1.maven.org/maven2/org/scalameta/scalafmt-config_2.13/3.11.5/scalafmt-config_2.13-3.11.5.pom
26] Downloading https://repo1.maven.org/maven2/org/scalameta/scalafmt-macros_2.13/3.11.5/scalafmt-macros_2.13-3.11.5.pom
26] Downloaded https://repo1.maven.org/maven2/org/scalameta/mdoc-parser_2.13/2.9.1/mdoc-parser_2.13-2.9.1.pom
26] Downloaded https://repo1.maven.org/maven2/org/scalameta/scalafmt-sysops_2.13/3.11.5/scalafmt-sysops_2.13-3.11.5.pom
26] Downloaded https://repo1.maven.org/maven2/org/scalameta/scalameta_2.13/4.17.3/scalameta_2.13-4.17.3.pom
26] Downloaded https://repo1.maven.org/maven2/org/scalameta/scalafmt-config_2.13/3.11.5/scalafmt-config_2.13-3.11.5.pom
26] Downloaded https://repo1.maven.org/maven2/org/scalameta/scalafmt-macros_2.13/3.11.5/scalafmt-macros_2.13-3.11.5.pom
26] Downloading https://repo1.maven.org/maven2/org/scalameta/metaconfig-typesafe-config_2.13/0.18.7/metaconfig-typesafe-config_2.13-0.18.7.pom
26] Downloading https://repo1.maven.org/maven2/org/scalameta/parsers_2.13/4.17.3/parsers_2.13-4.17.3.pom
26] Downloading https://repo1.maven.org/maven2/org/scalameta/metaconfig-core_2.13/0.18.7/metaconfig-core_2.13-0.18.7.pom
26] Downloaded https://repo1.maven.org/maven2/org/scalameta/metaconfig-typesafe-config_2.13/0.18.7/metaconfig-typesafe-config_2.13-0.18.7.pom
26] Downloaded https://repo1.maven.org/maven2/org/scalameta/metaconfig-core_2.13/0.18.7/metaconfig-core_2.13-0.18.7.pom
26] Downloaded https://repo1.maven.org/maven2/org/scalameta/parsers_2.13/4.17.3/parsers_2.13-4.17.3.pom
26] Downloading https://repo1.maven.org/maven2/org/scalameta/trees_2.13/4.17.3/trees_2.13-4.17.3.pom
26] Downloading https://repo1.maven.org/maven2/com/typesafe/config/1.4.9/config-1.4.9.pom
26] Downloading https://repo1.maven.org/maven2/org/scalameta/metaconfig-pprint_2.13/0.18.7/metaconfig-pprint_2.13-0.18.7.pom
26] Downloading https://repo1.maven.org/maven2/org/typelevel/paiges-core_2.13/0.4.4/paiges-core_2.13-0.4.4.pom
26] Downloading https://repo1.maven.org/maven2/org/scala-lang/modules/scala-collection-compat_2.13/2.14.0/scala-collection-compat_2.13-2.14.0.pom
26] Downloaded https://repo1.maven.org/maven2/org/scalameta/metaconfig-pprint_2.13/0.18.7/metaconfig-pprint_2.13-0.18.7.pom
26] Downloaded https://repo1.maven.org/maven2/org/typelevel/paiges-core_2.13/0.4.4/paiges-core_2.13-0.4.4.pom
26] Downloaded https://repo1.maven.org/maven2/org/scalameta/trees_2.13/4.17.3/trees_2.13-4.17.3.pom
26] Downloaded https://repo1.maven.org/maven2/org/scala-lang/modules/scala-collection-compat_2.13/2.14.0/scala-collection-compat_2.13-2.14.0.pom
26] Downloaded https://repo1.maven.org/maven2/com/typesafe/config/1.4.9/config-1.4.9.pom
26] Downloading https://repo1.maven.org/maven2/org/scalameta/trees2_2.13/4.17.3/trees2_2.13-4.17.3.pom
26] Downloading https://repo1.maven.org/maven2/org/scalameta/common_2.13/4.17.3/common_2.13-4.17.3.pom
26] Downloading https://repo1.maven.org/maven2/com/lihaoyi/fansi_2.13/0.5.1/fansi_2.13-0.5.1.pom
26] Downloading https://repo1.maven.org/maven2/org/scala-lang/scala-compiler/2.13.18/scala-compiler-2.13.18.pom
26] Downloading https://repo1.maven.org/maven2/org/scalameta/io_2.13/4.17.3/io_2.13-4.17.3.pom
26] Downloaded https://repo1.maven.org/maven2/org/scalameta/trees2_2.13/4.17.3/trees2_2.13-4.17.3.pom
26] Downloaded https://repo1.maven.org/maven2/com/lihaoyi/fansi_2.13/0.5.1/fansi_2.13-0.5.1.pom
26] Downloaded https://repo1.maven.org/maven2/org/scala-lang/scala-compiler/2.13.18/scala-compiler-2.13.18.pom
26] Downloaded https://repo1.maven.org/maven2/org/scalameta/common_2.13/4.17.3/common_2.13-4.17.3.pom
26] Downloaded https://repo1.maven.org/maven2/org/scalameta/io_2.13/4.17.3/io_2.13-4.17.3.pom
26] Downloading https://repo1.maven.org/maven2/org/jline/jline/3.29.0/jline-3.29.0.pom
26] Downloading https://repo1.maven.org/maven2/io/github/java-diff-utils/java-diff-utils/4.16/java-diff-utils-4.16.pom
26] Downloading https://repo1.maven.org/maven2/org/scalameta/common2_2.13/4.17.3/common2_2.13-4.17.3.pom
26] Downloading https://repo1.maven.org/maven2/com/lihaoyi/sourcecode_2.13/0.4.4/sourcecode_2.13-0.4.4.pom
26] Downloaded https://repo1.maven.org/maven2/org/scalameta/common2_2.13/4.17.3/common2_2.13-4.17.3.pom
26] Downloaded https://repo1.maven.org/maven2/com/lihaoyi/sourcecode_2.13/0.4.4/sourcecode_2.13-0.4.4.pom
26] Downloaded https://repo1.maven.org/maven2/io/github/java-diff-utils/java-diff-utils/4.16/java-diff-utils-4.16.pom
26] Downloaded https://repo1.maven.org/maven2/org/jline/jline/3.29.0/jline-3.29.0.pom
26] Downloading https://repo1.maven.org/maven2/io/github/java-diff-utils/java-diff-utils-parent/4.16/java-diff-utils-parent-4.16.pom
26] Downloaded https://repo1.maven.org/maven2/io/github/java-diff-utils/java-diff-utils-parent/4.16/java-diff-utils-parent-4.16.pom
26] Downloading https://repo1.maven.org/maven2/org/scalameta/metaconfig-typesafe-config_2.13/0.18.7/metaconfig-typesafe-config_2.13-0.18.7.jar
26] Downloading https://repo1.maven.org/maven2/org/typelevel/paiges-core_2.13/0.4.4/paiges-core_2.13-0.4.4.jar
26] Downloading https://repo1.maven.org/maven2/org/scalameta/scalafmt-core_2.13/3.11.5/scalafmt-core_2.13-3.11.5.jar
26] Downloading https://repo1.maven.org/maven2/org/scalameta/metaconfig-core_2.13/0.18.7/metaconfig-core_2.13-0.18.7.jar
26] Downloading https://repo1.maven.org/maven2/com/typesafe/config/1.4.9/config-1.4.9.jar
26] Downloading https://repo1.maven.org/maven2/org/scala-lang/modules/scala-collection-compat_2.13/2.14.0/scala-collection-compat_2.13-2.14.0.jar
26] Downloaded https://repo1.maven.org/maven2/org/scalameta/metaconfig-typesafe-config_2.13/0.18.7/metaconfig-typesafe-config_2.13-0.18.7.jar
26] Downloading https://repo1.maven.org/maven2/org/scalameta/trees_2.13/4.17.3/trees_2.13-4.17.3.jar
26] Downloaded https://repo1.maven.org/maven2/com/typesafe/config/1.4.9/config-1.4.9.jar
26] Downloading https://repo1.maven.org/maven2/org/scalameta/scalameta_2.13/4.17.3/scalameta_2.13-4.17.3.jar
26] Downloaded https://repo1.maven.org/maven2/org/typelevel/paiges-core_2.13/0.4.4/paiges-core_2.13-0.4.4.jar
26] Downloading https://repo1.maven.org/maven2/org/scalameta/io_2.13/4.17.3/io_2.13-4.17.3.jar
26] Downloaded https://repo1.maven.org/maven2/org/scalameta/metaconfig-core_2.13/0.18.7/metaconfig-core_2.13-0.18.7.jar
26] Downloading https://repo1.maven.org/maven2/org/scalameta/scalafmt-macros_2.13/3.11.5/scalafmt-macros_2.13-3.11.5.jar
26] Downloaded https://repo1.maven.org/maven2/org/scala-lang/modules/scala-collection-compat_2.13/2.14.0/scala-collection-compat_2.13-2.14.0.jar
26] Downloading https://repo1.maven.org/maven2/org/scalameta/trees2_2.13/4.17.3/trees2_2.13-4.17.3.jar
26] Downloaded https://repo1.maven.org/maven2/org/scalameta/scalafmt-core_2.13/3.11.5/scalafmt-core_2.13-3.11.5.jar
26] Downloading https://repo1.maven.org/maven2/com/lihaoyi/sourcecode_2.13/0.4.4/sourcecode_2.13-0.4.4.jar
26] Downloaded https://repo1.maven.org/maven2/org/scalameta/io_2.13/4.17.3/io_2.13-4.17.3.jar
26] Downloading https://repo1.maven.org/maven2/org/scalameta/common_2.13/4.17.3/common_2.13-4.17.3.jar
26] Downloaded https://repo1.maven.org/maven2/org/scalameta/scalameta_2.13/4.17.3/scalameta_2.13-4.17.3.jar
26] Downloading https://repo1.maven.org/maven2/org/scalameta/metaconfig-pprint_2.13/0.18.7/metaconfig-pprint_2.13-0.18.7.jar
26] Downloaded https://repo1.maven.org/maven2/org/scalameta/scalafmt-macros_2.13/3.11.5/scalafmt-macros_2.13-3.11.5.jar
26] Downloading https://repo1.maven.org/maven2/org/scalameta/mdoc-parser_2.13/2.9.1/mdoc-parser_2.13-2.9.1.jar
26] Downloaded https://repo1.maven.org/maven2/org/scalameta/trees_2.13/4.17.3/trees_2.13-4.17.3.jar
26] Downloading https://repo1.maven.org/maven2/org/scalameta/parsers_2.13/4.17.3/parsers_2.13-4.17.3.jar
26] Downloaded https://repo1.maven.org/maven2/com/lihaoyi/sourcecode_2.13/0.4.4/sourcecode_2.13-0.4.4.jar
26] Downloaded https://repo1.maven.org/maven2/org/scalameta/common_2.13/4.17.3/common_2.13-4.17.3.jar
26] Downloaded https://repo1.maven.org/maven2/org/scalameta/mdoc-parser_2.13/2.9.1/mdoc-parser_2.13-2.9.1.jar
26] Downloading https://repo1.maven.org/maven2/org/scalameta/common2_2.13/4.17.3/common2_2.13-4.17.3.jar
26] Downloading https://repo1.maven.org/maven2/org/scala-lang/scala-compiler/2.13.18/scala-compiler-2.13.18.jar
26] Downloading https://repo1.maven.org/maven2/io/github/java-diff-utils/java-diff-utils/4.16/java-diff-utils-4.16.jar
26] Downloaded https://repo1.maven.org/maven2/org/scalameta/metaconfig-pprint_2.13/0.18.7/metaconfig-pprint_2.13-0.18.7.jar
26] Downloading https://repo1.maven.org/maven2/org/scalameta/scalafmt-config_2.13/3.11.5/scalafmt-config_2.13-3.11.5.jar
26] Downloaded https://repo1.maven.org/maven2/org/scalameta/parsers_2.13/4.17.3/parsers_2.13-4.17.3.jar
26] Downloading https://repo1.maven.org/maven2/org/jline/jline/3.29.0/jline-3.29.0-jdk8.jar
26] Downloaded https://repo1.maven.org/maven2/io/github/java-diff-utils/java-diff-utils/4.16/java-diff-utils-4.16.jar
26] Downloading https://repo1.maven.org/maven2/com/lihaoyi/fansi_2.13/0.5.1/fansi_2.13-0.5.1.jar
26] Downloaded https://repo1.maven.org/maven2/org/scalameta/common2_2.13/4.17.3/common2_2.13-4.17.3.jar
26] Downloading https://repo1.maven.org/maven2/org/scalameta/scalafmt-sysops_2.13/3.11.5/scalafmt-sysops_2.13-3.11.5.jar
26] Downloaded https://repo1.maven.org/maven2/org/scalameta/scalafmt-config_2.13/3.11.5/scalafmt-config_2.13-3.11.5.jar
26] Downloaded https://repo1.maven.org/maven2/org/scalameta/trees2_2.13/4.17.3/trees2_2.13-4.17.3.jar
26] Downloaded https://repo1.maven.org/maven2/org/jline/jline/3.29.0/jline-3.29.0-jdk8.jar
26] Downloaded https://repo1.maven.org/maven2/org/scalameta/scalafmt-sysops_2.13/3.11.5/scalafmt-sysops_2.13-3.11.5.jar
26] Downloaded https://repo1.maven.org/maven2/com/lihaoyi/fansi_2.13/0.5.1/fansi_2.13-0.5.1.jar
26] Downloaded https://repo1.maven.org/maven2/org/scala-lang/scala-compiler/2.13.18/scala-compiler-2.13.18.jar
29] parsed config (v3.11.5): /home/runner/work/Nodal/Nodal/work/.scalafmt.conf
29/29, SUCCESS] /home/runner/.cache/nodal/mill/mill-1....ScalafmtModule/reformatAll __.sources 24s
